Component: Arm Compiler for Embedded 6.22 Tool: armlink [5ee90200]

==============================================================================

Section Cross References

    startup_stm32h750xx.o(STACK) refers (Special) to heapauxi.o(.text) for __use_two_region_memory
    startup_stm32h750xx.o(HEAP) refers (Special) to heapauxi.o(.text) for __use_two_region_memory
    startup_stm32h750xx.o(RESET) refers (Special) to heapauxi.o(.text) for __use_two_region_memory
    startup_stm32h750xx.o(RESET) refers to startup_stm32h750xx.o(STACK) for __initial_sp
    startup_stm32h750xx.o(RESET) refers to startup_stm32h750xx.o(.text) for Reset_Handler
    startup_stm32h750xx.o(RESET) refers to stm32h7xx_it.o(.text.NMI_Handler) for NMI_Handler
    startup_stm32h750xx.o(RESET) refers to stm32h7xx_it.o(.text.HardFault_Handler) for HardFault_Handler
    startup_stm32h750xx.o(RESET) refers to stm32h7xx_it.o(.text.MemManage_Handler) for MemManage_Handler
    startup_stm32h750xx.o(RESET) refers to stm32h7xx_it.o(.text.BusFault_Handler) for BusFault_Handler
    startup_stm32h750xx.o(RESET) refers to stm32h7xx_it.o(.text.UsageFault_Handler) for UsageFault_Handler
    startup_stm32h750xx.o(RESET) refers to stm32h7xx_it.o(.text.SVC_Handler) for SVC_Handler
    startup_stm32h750xx.o(RESET) refers to stm32h7xx_it.o(.text.DebugMon_Handler) for DebugMon_Handler
    startup_stm32h750xx.o(RESET) refers to stm32h7xx_it.o(.text.PendSV_Handler) for PendSV_Handler
    startup_stm32h750xx.o(RESET) refers to stm32h7xx_it.o(.text.SysTick_Handler) for SysTick_Handler
    startup_stm32h750xx.o(.text) refers (Special) to heapauxi.o(.text) for __use_two_region_memory
    startup_stm32h750xx.o(.text) refers to system_stm32h7xx.o(.text.SystemInit) for SystemInit
    startup_stm32h750xx.o(.text) refers to __main.o(!!!main) for __main
    startup_stm32h750xx.o(.text) refers to startup_stm32h750xx.o(HEAP) for Heap_Mem
    startup_stm32h750xx.o(.text) refers to startup_stm32h750xx.o(STACK) for Stack_Mem
    main.o(.text.main) refers to stm32h7xx_hal_cortex.o(.text.HAL_MPU_Disable) for HAL_MPU_Disable
    main.o(.text.main) refers to stm32h7xx_hal_cortex.o(.text.HAL_MPU_ConfigRegion) for HAL_MPU_ConfigRegion
    main.o(.text.main) refers to stm32h7xx_hal_cortex.o(.text.HAL_MPU_Enable) for HAL_MPU_Enable
    main.o(.text.main) refers to stm32h7xx_hal.o(.text.HAL_Init) for HAL_Init
    main.o(.text.main) refers to main.o(.text.SystemClock_Config) for SystemClock_Config
    main.o(.text.main) refers to gpio.o(.text.MX_GPIO_Init) for MX_GPIO_Init
    main.o(.text.main) refers to quadspi.o(.text.MX_QUADSPI_Init) for MX_QUADSPI_Init
    main.o(.text.main) refers to mymain.o(.text.UserMain) for UserMain
    main.o(.ARM.exidx.text.main) refers to main.o(.text.main) for [Anonymous Symbol]
    main.o(.text.SystemClock_Config) refers to rt_memclr_w.o(.text) for __aeabi_memclr4
    main.o(.text.SystemClock_Config) refers to stm32h7xx_hal_pwr_ex.o(.text.HAL_PWREx_ConfigSupply) for HAL_PWREx_ConfigSupply
    main.o(.text.SystemClock_Config) refers to stm32h7xx_hal_rcc.o(.text.HAL_RCC_OscConfig) for HAL_RCC_OscConfig
    main.o(.text.SystemClock_Config) refers to stm32h7xx_hal_rcc.o(.text.HAL_RCC_ClockConfig) for HAL_RCC_ClockConfig
    main.o(.ARM.exidx.text.SystemClock_Config) refers to main.o(.text.SystemClock_Config) for [Anonymous Symbol]
    main.o(.ARM.exidx.text.Error_Handler) refers to main.o(.text.Error_Handler) for [Anonymous Symbol]
    gpio.o(.ARM.exidx.text.MX_GPIO_Init) refers to gpio.o(.text.MX_GPIO_Init) for [Anonymous Symbol]
    quadspi.o(.text.MX_QUADSPI_Init) refers to quadspi.o(.bss.hqspi) for hqspi
    quadspi.o(.text.MX_QUADSPI_Init) refers to stm32h7xx_hal_qspi.o(.text.HAL_QSPI_Init) for HAL_QSPI_Init
    quadspi.o(.text.MX_QUADSPI_Init) refers to main.o(.text.Error_Handler) for Error_Handler
    quadspi.o(.ARM.exidx.text.MX_QUADSPI_Init) refers to quadspi.o(.text.MX_QUADSPI_Init) for [Anonymous Symbol]
    quadspi.o(.text.HAL_QSPI_MspInit) refers to rt_memclr_w.o(.text) for __aeabi_memclr8
    quadspi.o(.text.HAL_QSPI_MspInit) refers to stm32h7xx_hal_rcc_ex.o(.text.HAL_RCCEx_PeriphCLKConfig) for HAL_RCCEx_PeriphCLKConfig
    quadspi.o(.text.HAL_QSPI_MspInit) refers to main.o(.text.Error_Handler) for Error_Handler
    quadspi.o(.text.HAL_QSPI_MspInit) refers to stm32h7xx_hal_gpio.o(.text.HAL_GPIO_Init) for HAL_GPIO_Init
    quadspi.o(.ARM.exidx.text.HAL_QSPI_MspInit) refers to quadspi.o(.text.HAL_QSPI_MspInit) for [Anonymous Symbol]
    quadspi.o(.text.HAL_QSPI_MspDeInit) refers to stm32h7xx_hal_gpio.o(.text.HAL_GPIO_DeInit) for HAL_GPIO_DeInit
    quadspi.o(.ARM.exidx.text.HAL_QSPI_MspDeInit) refers to quadspi.o(.text.HAL_QSPI_MspDeInit) for [Anonymous Symbol]
    stm32h7xx_it.o(.ARM.exidx.text.NMI_Handler) refers to stm32h7xx_it.o(.text.NMI_Handler) for [Anonymous Symbol]
    stm32h7xx_it.o(.ARM.exidx.text.HardFault_Handler) refers to stm32h7xx_it.o(.text.HardFault_Handler) for [Anonymous Symbol]
[...]
    Removing stm32h7xx_hal_i2c.o(.ARM.exidx.text.HAL_I2C_Master_Transmit), (8 bytes).
    Removing stm32h7xx_hal_i2c.o(.text.I2C_WaitOnFlagUntilTimeout), (150 bytes).
    Removing stm32h7xx_hal_i2c.o(.ARM.exidx.text.I2C_WaitOnFlagUntilTimeout), (8 bytes).
    Removing stm32h7xx_hal_i2c.o(.text.I2C_WaitOnSTOPFlagUntilTimeout), (94 bytes).
    Removing stm32h7xx_hal_i2c.o(.ARM.exidx.text.I2C_WaitOnSTOPFlagUntilTimeout), (8 bytes).
    Removing stm32h7xx_hal_i2c.o(.text.HAL_I2C_Master_Receive), (490 bytes).
    Removing stm32h7xx_hal_i2c.o(.ARM.exidx.text.HAL_I2C_Master_Receive), (8 bytes).
    Removing stm32h7xx_hal_i2c.o(.text.I2C_WaitOnRXNEFlagUntilTimeout), (204 bytes).
    Removing stm32h7xx_hal_i2c.o(.ARM.exidx.text.I2C_WaitOnRXNEFlagUntilTimeout), (8 bytes).
    Removing stm32h7xx_hal_i2c.o(.text.HAL_I2C_Slave_Transmit), (566 bytes).
    Removing stm32h7xx_hal_i2c.o(.ARM.exidx.text.HAL_I2C_Slave_Transmit), (8 bytes).
    Removing stm32h7xx_hal_i2c.o(.text.HAL_I2C_Slave_Receive), (408 bytes).
    Removing stm32h7xx_hal_i2c.o(.ARM.exidx.text.HAL_I2C_Slave_Receive), (8 bytes).
    Removing stm32h7xx_hal_i2c.o(.text.HAL_I2C_Master_Transmit_IT), (190 bytes).
    Removing stm32h7xx_hal_i2c.o(.ARM.exidx.text.HAL_I2C_Master_Transmit_IT), (8 bytes).
    Removing stm32h7xx_hal_i2c.o(.text.I2C_Master_ISR_IT), (384 bytes).
    Removing stm32h7xx_hal_i2c.o(.ARM.exidx.text.I2C_Master_ISR_IT), (8 bytes).
    Removing stm32h7xx_hal_i2c.o(.text.I2C_Enable_IRQ), (114 bytes).
    Removing stm32h7xx_hal_i2c.o(.ARM.exidx.text.I2C_Enable_IRQ), (8 bytes).
    Removing stm32h7xx_hal_i2c.o(.text.HAL_I2C_Master_Receive_IT), (178 bytes).
    Removing stm32h7xx_hal_i2c.o(.ARM.exidx.text.HAL_I2C_Master_Receive_IT), (8 bytes).
    Removing stm32h7xx_hal_i2c.o(.text.HAL_I2C_Slave_Transmit_IT), (128 bytes).
    Removing stm32h7xx_hal_i2c.o(.ARM.exidx.text.HAL_I2C_Slave_Transmit_IT), (8 bytes).
    Removing stm32h7xx_hal_i2c.o(.text.I2C_Slave_ISR_IT), (348 bytes).
    Removing stm32h7xx_hal_i2c.o(.ARM.exidx.text.I2C_Slave_ISR_IT), (8 bytes).
    Removing stm32h7xx_hal_i2c.o(.text.HAL_I2C_Slave_Receive_IT), (96 bytes).
    Removing stm32h7xx_hal_i2c.o(.ARM.exidx.text.HAL_I2C_Slave_Receive_IT), (8 bytes).
    Removing stm32h7xx_hal_i2c.o(.text.HAL_I2C_Master_Transmit_DMA), (352 bytes).
    Removing stm32h7xx_hal_i2c.o(.ARM.exidx.text.HAL_I2C_Master_Transmit_DMA), (8 bytes).
    Removing stm32h7xx_hal_i2c.o(.text.I2C_Master_ISR_DMA), (424 bytes).
    Removing stm32h7xx_hal_i2c.o(.ARM.exidx.text.I2C_Master_ISR_DMA), (8 bytes).
    Removing stm32h7xx_hal_i2c.o(.text.I2C_DMAMasterTransmitCplt), (172 bytes).
    Removing stm32h7xx_hal_i2c.o(.ARM.exidx.text.I2C_DMAMasterTransmitCplt), (8 bytes).
    Removing stm32h7xx_hal_i2c.o(.text.I2C_DMAError), (70 bytes).
    Removing stm32h7xx_hal_i2c.o(.ARM.exidx.text.I2C_DMAError), (8 bytes).
    Removing stm32h7xx_hal_i2c.o(.text.HAL_I2C_Master_Receive_DMA), (320 bytes).
    Removing stm32h7xx_hal_i2c.o(.ARM.exidx.text.HAL_I2C_Master_Receive_DMA), (8 bytes).
    Removing stm32h7xx_hal_i2c.o(.text.I2C_DMAMasterReceiveCplt), (172 bytes).
    Removing stm32h7xx_hal_i2c.o(.ARM.exidx.text.I2C_DMAMasterReceiveCplt), (8 bytes).
    Removing stm32h7xx_hal_i2c.o(.text.HAL_I2C_Slave_Transmit_DMA), (272 bytes).
    Removing stm32h7xx_hal_i2c.o(.ARM.exidx.text.HAL_I2C_Slave_Transmit_DMA), (8 bytes).
    Removing stm32h7xx_hal_i2c.o(.text.I2C_Slave_ISR_DMA), (250 bytes).
    Removing stm32h7xx_hal_i2c.o(.ARM.exidx.text.I2C_Slave_ISR_DMA), (8 bytes).
    Removing stm32h7xx_hal_i2c.o(.text.I2C_DMASlaveTransmitCplt), (28 bytes).
    Removing stm32h7xx_hal_i2c.o(.ARM.exidx.text.I2C_DMASlaveTransmitCplt), (8 bytes).
    Removing stm32h7xx_hal_i2c.o(.text.HAL_I2C_Slave_Receive_DMA), (208 bytes).
    Removing stm32h7xx_hal_i2c.o(.ARM.exidx.text.HAL_I2C_Slave_Receive_DMA), (8 bytes).
    Removing stm32h7xx_hal_i2c.o(.text.I2C_DMASlaveReceiveCplt), (36 bytes).
    Removing stm32h7xx_hal_i2c.o(.ARM.exidx.text.I2C_DMASlaveReceiveCplt), (8 bytes).
    Removing stm32h7xx_hal_i2c.o(.text.HAL_I2C_Mem_Write), (772 bytes).
    Removing stm32h7xx_hal_i2c.o(.ARM.exidx.text.HAL_I2C_Mem_Write), (8 bytes).
    Removing stm32h7xx_hal_i2c.o(.text.HAL_I2C_Mem_Read), (768 bytes).
    Removing stm32h7xx_hal_i2c.o(.ARM.exidx.text.HAL_I2C_Mem_Read), (8 bytes).
    Removing stm32h7xx_hal_i2c.o(.text.HAL_I2C_Mem_Write_IT), (184 bytes).
    Removing stm32h7xx_hal_i2c.o(.ARM.exidx.text.HAL_I2C_Mem_Write_IT), (8 bytes).
    Removing stm32h7xx_hal_i2c.o(.text.I2C_Mem_ISR_IT), (450 bytes).
    Removing stm32h7xx_hal_i2c.o(.ARM.exidx.text.I2C_Mem_ISR_IT), (8 bytes).
    Removing stm32h7xx_hal_i2c.o(.text.HAL_I2C_Mem_Read_IT), (178 bytes).
    Removing stm32h7xx_hal_i2c.o(.ARM.exidx.text.HAL_I2C_Mem_Read_IT), (8 bytes).
    Removing stm32h7xx_hal_i2c.o(.text.HAL_I2C_Mem_Write_DMA), (280 bytes).
    Removing stm32h7xx_hal_i2c.o(.ARM.exidx.text.HAL_I2C_Mem_Write_DMA), (8 bytes).
    Removing stm32h7xx_hal_i2c.o(.text.I2C_Mem_ISR_DMA), (468 bytes).
    Removing stm32h7xx_hal_i2c.o(.ARM.exidx.text.I2C_Mem_ISR_DMA), (8 bytes).
    Removing stm32h7xx_hal_i2c.o(.text.HAL_I2C_Mem_Read_DMA), (284 bytes).
    Removing stm32h7xx_hal_i2c.o(.ARM.exidx.text.HAL_I2C_Mem_Read_DMA), (8 bytes).
    Removing stm32h7xx_hal_i2c.o(.text.HAL_I2C_IsDeviceReady), (318 bytes).
    Removing stm32h7xx_hal_i2c.o(.ARM.exidx.text.HAL_I2C_IsDeviceReady), (8 bytes).
    Removing stm32h7xx_hal_i2c.o(.text.HAL_I2C_Master_Seq_Transmit_IT), (286 bytes).
    Removing stm32h7xx_hal_i2c.o(.ARM.exidx.text.HAL_I2C_Master_Seq_Transmit_IT), (8 bytes).
    Removing stm32h7xx_hal_i2c.o(.text.HAL_I2C_Master_Seq_Transmit_DMA), (478 bytes).
    Removing stm32h7xx_hal_i2c.o(.ARM.exidx.text.HAL_I2C_Master_Seq_Transmit_DMA), (8 bytes).
    Removing stm32h7xx_hal_i2c.o(.text.HAL_I2C_Master_Seq_Receive_IT), (230 bytes).
    Removing stm32h7xx_hal_i2c.o(.ARM.exidx.text.HAL_I2C_Master_Seq_Receive_IT), (8 bytes).
    Removing stm32h7xx_hal_i2c.o(.text.HAL_I2C_Master_Seq_Receive_DMA), (382 bytes).
    Removing stm32h7xx_hal_i2c.o(.ARM.exidx.text.HAL_I2C_Master_Seq_Receive_DMA), (8 bytes).
    Removing stm32h7xx_hal_i2c.o(.text.HAL_I2C_Slave_Seq_Transmit_IT), (282 bytes).
    Removing stm32h7xx_hal_i2c.o(.ARM.exidx.text.HAL_I2C_Slave_Seq_Transmit_IT), (8 bytes).
    Removing stm32h7xx_hal_i2c.o(.text.I2C_DMAAbort), (52 bytes).
    Removing stm32h7xx_hal_i2c.o(.ARM.exidx.text.I2C_DMAAbort), (8 bytes).
    Removing stm32h7xx_hal_i2c.o(.text.HAL_I2C_Slave_Seq_Transmit_DMA), (442 bytes).
    Removing stm32h7xx_hal_i2c.o(.ARM.exidx.text.HAL_I2C_Slave_Seq_Transmit_DMA), (8 bytes).
    Removing stm32h7xx_hal_i2c.o(.text.HAL_I2C_Slave_Seq_Receive_IT), (282 bytes).
    Removing stm32h7xx_hal_i2c.o(.ARM.exidx.text.HAL_I2C_Slave_Seq_Receive_IT), (8 bytes).
    Removing stm32h7xx_hal_i2c.o(.text.HAL_I2C_Slave_Seq_Receive_DMA), (446 bytes).
    Removing stm32h7xx_hal_i2c.o(.ARM.exidx.text.HAL_I2C_Slave_Seq_Receive_DMA), (8 bytes).
    Removing stm32h7xx_hal_i2c.o(.text.HAL_I2C_EnableListen_IT), (38 bytes).
    Removing stm32h7xx_hal_i2c.o(.ARM.exidx.text.HAL_I2C_EnableListen_IT), (8 bytes).
    Removing stm32h7xx_hal_i2c.o(.text.HAL_I2C_DisableListen_IT), (46 bytes).
    Removing stm32h7xx_hal_i2c.o(.ARM.exidx.text.HAL_I2C_DisableListen_IT), (8 bytes).
    Removing stm32h7xx_hal_i2c.o(.text.HAL_I2C_Master_Abort_IT), (200 bytes).
    Removing stm32h7xx_hal_i2c.o(.ARM.exidx.text.HAL_I2C_Master_Abort_IT), (8 bytes).
    Removing stm32h7xx_hal_i2c.o(.text.HAL_I2C_EV_IRQHandler), (16 bytes).
    Removing stm32h7xx_hal_i2c.o(.ARM.exidx.text.HAL_I2C_EV_IRQHandler), (8 bytes).
    Removing stm32h7xx_hal_i2c.o(.text.HAL_I2C_ER_IRQHandler), (96 bytes).
    Removing stm32h7xx_hal_i2c.o(.ARM.exidx.text.HAL_I2C_ER_IRQHandler), (8 bytes).
    Removing stm32h7xx_hal_i2c.o(.text.I2C_ITError), (348 bytes).
    Removing stm32h7xx_hal_i2c.o(.ARM.exidx.text.I2C_ITError), (8 bytes).
    Removing stm32h7xx_hal_i2c.o(.text.HAL_I2C_MasterTxCpltCallback), (2 bytes).
    Removing stm32h7xx_hal_i2c.o(.ARM.exidx.text.HAL_I2C_MasterTxCpltCallback), (8 bytes).
    Removing stm32h7xx_hal_i2c.o(.text.HAL_I2C_MasterRxCpltCallback), (2 bytes).
    Removing stm32h7xx_hal_i2c.o(.ARM.exidx.text.HAL_I2C_MasterRxCpltCallback), (8 bytes).
    Removing stm32h7xx_hal_i2c.o(.text.HAL_I2C_SlaveTxCpltCallback), (2 bytes).
    Removing stm32h7xx_hal_i2c.o(.ARM.exidx.text.HAL_I2C_SlaveTxCpltCallback), (8 bytes).
    Removing stm32h7xx_hal_i2c.o(.text.HAL_I2C_SlaveRxCpltCallback), (2 bytes).
    Removing stm32h7xx_hal_i2c.o(.ARM.exidx.text.HAL_I2C_SlaveRxCpltCallback), (8 bytes).
    Removing stm32h7xx_hal_i2c.o(.text.HAL_I2C_AddrCallback), (2 bytes).
    Removing stm32h7xx_hal_i2c.o(.ARM.exidx.text.HAL_I2C_AddrCallback), (8 bytes).
    Removing stm32h7xx_hal_i2c.o(.text.HAL_I2C_ListenCpltCallback), (2 bytes).
    Removing stm32h7xx_hal_i2c.o(.ARM.exidx.text.HAL_I2C_ListenCpltCallback), (8 bytes).
    Removing stm32h7xx_hal_i2c.o(.text.HAL_I2C_MemTxCpltCallback), (2 bytes).
    Removing stm32h7xx_hal_i2c.o(.ARM.exidx.text.HAL_I2C_MemTxCpltCallback), (8 bytes).
    Removing stm32h7xx_hal_i2c.o(.text.HAL_I2C_MemRxCpltCallback), (2 bytes).
    Removing stm32h7xx_hal_i2c.o(.ARM.exidx.text.HAL_I2C_MemRxCpltCallback), (8 bytes).
    Removing stm32h7xx_hal_i2c.o(.text.HAL_I2C_ErrorCallback), (2 bytes).
    Removing stm32h7xx_hal_i2c.o(.ARM.exidx.text.HAL_I2C_ErrorCallback), (8 bytes).
    Removing stm32h7xx_hal_i2c.o(.text.HAL_I2C_AbortCpltCallback), (2 bytes).
    Removing stm32h7xx_hal_i2c.o(.ARM.exidx.text.HAL_I2C_AbortCpltCallback), (8 bytes).
    Removing stm32h7xx_hal_i2c.o(.text.HAL_I2C_GetState), (4 bytes).
    Removing stm32h7xx_hal_i2c.o(.ARM.exidx.text.HAL_I2C_GetState), (8 bytes).
    Removing stm32h7xx_hal_i2c.o(.text.HAL_I2C_GetMode), (4 bytes).
    Removing stm32h7xx_hal_i2c.o(.ARM.exidx.text.HAL_I2C_GetMode), (8 bytes).
    Removing stm32h7xx_hal_i2c.o(.text.HAL_I2C_GetError), (4 bytes).
    Removing stm32h7xx_hal_i2c.o(.ARM.exidx.text.HAL_I2C_GetError), (8 bytes).
    Removing stm32h7xx_hal_i2c.o(.text.I2C_ITMasterSeqCplt), (104 bytes).
    Removing stm32h7xx_hal_i2c.o(.ARM.exidx.text.I2C_ITMasterSeqCplt), (8 bytes).
    Removing stm32h7xx_hal_i2c.o(.text.I2C_ITMasterCplt), (288 bytes).
    Removing stm32h7xx_hal_i2c.o(.ARM.exidx.text.I2C_ITMasterCplt), (8 bytes).
    Removing stm32h7xx_hal_i2c.o(.text.I2C_ITSlaveCplt), (578 bytes).
    Removing stm32h7xx_hal_i2c.o(.ARM.exidx.text.I2C_ITSlaveCplt), (8 bytes).
    Removing stm32h7xx_hal_i2c.o(.text.I2C_ITListenCplt), (88 bytes).
    Removing stm32h7xx_hal_i2c.o(.ARM.exidx.text.I2C_ITListenCplt), (8 bytes).
    Removing stm32h7xx_hal_i2c.o(.text.I2C_ITSlaveSeqCplt), (128 bytes).
    Removing stm32h7xx_hal_i2c.o(.ARM.exidx.text.I2C_ITSlaveSeqCplt), (8 bytes).
    Removing stm32h7xx_hal_i2c.o(.text.I2C_ITAddrCplt), (140 bytes).
    Removing stm32h7xx_hal_i2c.o(.ARM.exidx.text.I2C_ITAddrCplt), (8 bytes).
    Removing stm32h7xx_hal_i2c.o(.text.I2C_IsErrorOccurred), (288 bytes).
    Removing stm32h7xx_hal_i2c.o(.ARM.exidx.text.I2C_IsErrorOccurred), (8 bytes).
    Removing stm32h7xx_hal_i2c_ex.o(.text), (0 bytes).
    Removing stm32h7xx_hal_i2c_ex.o(.text.HAL_I2CEx_ConfigAnalogFilter), (64 bytes).
    Removing stm32h7xx_hal_i2c_ex.o(.ARM.exidx.text.HAL_I2CEx_ConfigAnalogFilter), (8 bytes).
    Removing stm32h7xx_hal_i2c_ex.o(.text.HAL_I2CEx_ConfigDigitalFilter), (62 bytes).
    Removing stm32h7xx_hal_i2c_ex.o(.ARM.exidx.text.HAL_I2CEx_ConfigDigitalFilter), (8 bytes).
    Removing stm32h7xx_hal_i2c_ex.o(.text.HAL_I2CEx_EnableWakeUp), (58 bytes).
    Removing stm32h7xx_hal_i2c_ex.o(.ARM.exidx.text.HAL_I2CEx_EnableWakeUp), (8 bytes).
    Removing stm32h7xx_hal_i2c_ex.o(.text.HAL_I2CEx_DisableWakeUp), (58 bytes).
    Removing stm32h7xx_hal_i2c_ex.o(.ARM.exidx.text.HAL_I2CEx_DisableWakeUp), (8 bytes).
    Removing stm32h7xx_hal_i2c_ex.o(.text.HAL_I2CEx_EnableFastModePlus), (46 bytes).
    Removing stm32h7xx_hal_i2c_ex.o(.ARM.exidx.text.HAL_I2CEx_EnableFastModePlus), (8 bytes).
    Removing stm32h7xx_hal_i2c_ex.o(.text.HAL_I2CEx_DisableFastModePlus), (48 bytes).
    Removing stm32h7xx_hal_i2c_ex.o(.ARM.exidx.text.HAL_I2CEx_DisableFastModePlus), (8 bytes).
    Removing stm32h7xx_hal_exti.o(.text), (0 bytes).
    Removing stm32h7xx_hal_exti.o(.text.HAL_EXTI_SetConfigLine), (304 bytes).
    Removing stm32h7xx_hal_exti.o(.ARM.exidx.text.HAL_EXTI_SetConfigLine), (8 bytes).
    Removing stm32h7xx_hal_exti.o(.text.HAL_EXTI_GetConfigLine), (236 bytes).
    Removing stm32h7xx_hal_exti.o(.ARM.exidx.text.HAL_EXTI_GetConfigLine), (8 bytes).
    Removing stm32h7xx_hal_exti.o(.text.HAL_EXTI_ClearConfigLine), (216 bytes).
    Removing stm32h7xx_hal_exti.o(.ARM.exidx.text.HAL_EXTI_ClearConfigLine), (8 bytes).
    Removing stm32h7xx_hal_exti.o(.text.HAL_EXTI_RegisterCallback), (20 bytes).
    Removing stm32h7xx_hal_exti.o(.ARM.exidx.text.HAL_EXTI_RegisterCallback), (8 bytes).
    Removing stm32h7xx_hal_exti.o(.text.HAL_EXTI_GetHandle), (12 bytes).
    Removing stm32h7xx_hal_exti.o(.ARM.exidx.text.HAL_EXTI_GetHandle), (8 bytes).
    Removing stm32h7xx_hal_exti.o(.text.HAL_EXTI_IRQHandler), (56 bytes).
    Removing stm32h7xx_hal_exti.o(.ARM.exidx.text.HAL_EXTI_IRQHandler), (8 bytes).
    Removing stm32h7xx_hal_exti.o(.text.HAL_EXTI_GetPending), (30 bytes).
    Removing stm32h7xx_hal_exti.o(.ARM.exidx.text.HAL_EXTI_GetPending), (8 bytes).
    Removing stm32h7xx_hal_exti.o(.text.HAL_EXTI_ClearPending), (26 bytes).
    Removing stm32h7xx_hal_exti.o(.ARM.exidx.text.HAL_EXTI_ClearPending), (8 bytes).
    Removing stm32h7xx_hal_exti.o(.text.HAL_EXTI_GenerateSWI), (26 bytes).
    Removing stm32h7xx_hal_exti.o(.ARM.exidx.text.HAL_EXTI_GenerateSWI), (8 bytes).
    Removing stm32h7xx_hal_qspi.o(.text), (0 bytes).
    Removing stm32h7xx_hal_qspi.o(.ARM.exidx.text.HAL_QSPI_Init), (8 bytes).
    Removing stm32h7xx_hal_qspi.o(.text.HAL_QSPI_MspInit), (2 bytes).
    Removing stm32h7xx_hal_qspi.o(.ARM.exidx.text.HAL_QSPI_MspInit), (8 bytes).
    Removing stm32h7xx_hal_qspi.o(.text.HAL_QSPI_SetTimeout), (4 bytes).
    Removing stm32h7xx_hal_qspi.o(.ARM.exidx.text.HAL_QSPI_SetTimeout), (8 bytes).
    Removing stm32h7xx_hal_qspi.o(.text.HAL_QSPI_DeInit), (32 bytes).
    Removing stm32h7xx_hal_qspi.o(.ARM.exidx.text.HAL_QSPI_DeInit), (8 bytes).
    Removing stm32h7xx_hal_qspi.o(.text.HAL_QSPI_MspDeInit), (2 bytes).
    Removing stm32h7xx_hal_qspi.o(.ARM.exidx.text.HAL_QSPI_MspDeInit), (8 bytes).
    Removing stm32h7xx_hal_qspi.o(.text.HAL_QSPI_IRQHandler), (500 bytes).
    Removing stm32h7xx_hal_qspi.o(.ARM.exidx.text.HAL_QSPI_IRQHandler), (8 bytes).
    Removing stm32h7xx_hal_qspi.o(.text.HAL_QSPI_FifoThresholdCallback), (2 bytes).
    Removing stm32h7xx_hal_qspi.o(.ARM.exidx.text.HAL_QSPI_FifoThresholdCallback), (8 bytes).
    Removing stm32h7xx_hal_qspi.o(.text.HAL_QSPI_TxCpltCallback), (2 bytes).
    Removing stm32h7xx_hal_qspi.o(.ARM.exidx.text.HAL_QSPI_TxCpltCallback), (8 bytes).
    Removing stm32h7xx_hal_qspi.o(.text.HAL_QSPI_RxCpltCallback), (2 bytes).
    Removing stm32h7xx_hal_qspi.o(.ARM.exidx.text.HAL_QSPI_RxCpltCallback), (8 bytes).
    Removing stm32h7xx_hal_qspi.o(.text.HAL_QSPI_CmdCpltCallback), (2 bytes).
    Removing stm32h7xx_hal_qspi.o(.ARM.exidx.text.HAL_QSPI_CmdCpltCallback), (8 bytes).
    Removing stm32h7xx_hal_qspi.o(.text.HAL_QSPI_AbortCpltCallback), (2 bytes).
    Removing stm32h7xx_hal_qspi.o(.ARM.exidx.text.HAL_QSPI_AbortCpltCallback), (8 bytes).
    Removing stm32h7xx_hal_qspi.o(.text.HAL_QSPI_ErrorCallback), (2 bytes).
    Removing stm32h7xx_hal_qspi.o(.ARM.exidx.text.HAL_QSPI_ErrorCallback), (8 bytes).
    Removing stm32h7xx_hal_qspi.o(.text.HAL_QSPI_StatusMatchCallback), (2 bytes).
    Removing stm32h7xx_hal_qspi.o(.ARM.exidx.text.HAL_QSPI_StatusMatchCallback), (8 bytes).
    Removing stm32h7xx_hal_qspi.o(.text.QSPI_DMAAbortCplt), (46 bytes).
    Removing stm32h7xx_hal_qspi.o(.ARM.exidx.text.QSPI_DMAAbortCplt), (8 bytes).
    Removing stm32h7xx_hal_qspi.o(.text.HAL_QSPI_TimeOutCallback), (2 bytes).
    Removing stm32h7xx_hal_qspi.o(.ARM.exidx.text.HAL_QSPI_TimeOutCallback), (8 bytes).
    Removing stm32h7xx_hal_qspi.o(.ARM.exidx.text.HAL_QSPI_Command), (8 bytes).
    Removing stm32h7xx_hal_qspi.o(.ARM.exidx.text.QSPI_Config), (8 bytes).
    Removing stm32h7xx_hal_qspi.o(.text.HAL_QSPI_Command_IT), (168 bytes).
    Removing stm32h7xx_hal_qspi.o(.ARM.exidx.text.HAL_QSPI_Command_IT), (8 bytes).
    Removing stm32h7xx_hal_qspi.o(.ARM.exidx.text.HAL_QSPI_Transmit), (8 bytes).
    Removing stm32h7xx_hal_qspi.o(.ARM.exidx.text.HAL_QSPI_Receive), (8 bytes).
    Removing stm32h7xx_hal_qspi.o(.text.HAL_QSPI_Transmit_IT), (108 bytes).
    Removing stm32h7xx_hal_qspi.o(.ARM.exidx.text.HAL_QSPI_Transmit_IT), (8 bytes).
    Removing stm32h7xx_hal_qspi.o(.text.HAL_QSPI_Receive_IT), (112 bytes).
    Removing stm32h7xx_hal_qspi.o(.ARM.exidx.text.HAL_QSPI_Receive_IT), (8 bytes).
    Removing stm32h7xx_hal_qspi.o(.text.HAL_QSPI_Transmit_DMA), (258 bytes).
    Removing stm32h7xx_hal_qspi.o(.ARM.exidx.text.HAL_QSPI_Transmit_DMA), (8 bytes).
    Removing stm32h7xx_hal_qspi.o(.text.QSPI_DMATxCplt), (18 bytes).
    Removing stm32h7xx_hal_qspi.o(.ARM.exidx.text.QSPI_DMATxCplt), (8 bytes).
    Removing stm32h7xx_hal_qspi.o(.text.QSPI_DMAError), (134 bytes).
    Removing stm32h7xx_hal_qspi.o(.ARM.exidx.text.QSPI_DMAError), (8 bytes).
    Removing stm32h7xx_hal_qspi.o(.text.HAL_QSPI_Receive_DMA), (270 bytes).
    Removing stm32h7xx_hal_qspi.o(.ARM.exidx.text.HAL_QSPI_Receive_DMA), (8 bytes).
    Removing stm32h7xx_hal_qspi.o(.text.QSPI_DMARxCplt), (18 bytes).
    Removing stm32h7xx_hal_qspi.o(.ARM.exidx.text.QSPI_DMARxCplt), (8 bytes).
    Removing stm32h7xx_hal_qspi.o(.text.HAL_QSPI_AutoPolling), (216 bytes).
    Removing stm32h7xx_hal_qspi.o(.ARM.exidx.text.HAL_QSPI_AutoPolling), (8 bytes).
    Removing stm32h7xx_hal_qspi.o(.text.HAL_QSPI_AutoPolling_IT), (184 bytes).
    Removing stm32h7xx_hal_qspi.o(.ARM.exidx.text.HAL_QSPI_AutoPolling_IT), (8 bytes).
    Removing stm32h7xx_hal_qspi.o(.ARM.exidx.text.HAL_QSPI_MemoryMapped), (8 bytes).
    Removing stm32h7xx_hal_qspi.o(.text.HAL_QSPI_GetState), (4 bytes).
    Removing stm32h7xx_hal_qspi.o(.ARM.exidx.text.HAL_QSPI_GetState), (8 bytes).
    Removing stm32h7xx_hal_qspi.o(.text.HAL_QSPI_GetError), (4 bytes).
    Removing stm32h7xx_hal_qspi.o(.ARM.exidx.text.HAL_QSPI_GetError), (8 bytes).
    Removing stm32h7xx_hal_qspi.o(.text.HAL_QSPI_Abort), (202 bytes).
    Removing stm32h7xx_hal_qspi.o(.ARM.exidx.text.HAL_QSPI_Abort), (8 bytes).
    Removing stm32h7xx_hal_qspi.o(.text.HAL_QSPI_Abort_IT), (116 bytes).
    Removing stm32h7xx_hal_qspi.o(.ARM.exidx.text.HAL_QSPI_Abort_IT), (8 bytes).
    Removing stm32h7xx_hal_qspi.o(.text.HAL_QSPI_SetFifoThreshold), (56 bytes).
    Removing stm32h7xx_hal_qspi.o(.ARM.exidx.text.HAL_QSPI_SetFifoThreshold), (8 bytes).
    Removing stm32h7xx_hal_qspi.o(.text.HAL_QSPI_GetFifoThreshold), (12 bytes).
    Removing stm32h7xx_hal_qspi.o(.ARM.exidx.text.HAL_QSPI_GetFifoThreshold), (8 bytes).
    Removing stm32h7xx_hal_qspi.o(.text.HAL_QSPI_SetFlashID), (48 bytes).
    Removing stm32h7xx_hal_qspi.o(.ARM.exidx.text.HAL_QSPI_SetFlashID), (8 bytes).
    Removing stm32h7xx_hal_tim.o(.text), (0 bytes).
    Removing stm32h7xx_hal_tim_ex.o(.text), (0 bytes).
    Removing system_stm32h7xx.o(.text), (0 bytes).
    Removing system_stm32h7xx.o(.ARM.exidx.text.SystemInit), (8 bytes).
    Removing system_stm32h7xx.o(.text.SystemCoreClockUpdate), (300 bytes).
    Removing system_stm32h7xx.o(.ARM.exidx.text.SystemCoreClockUpdate), (8 bytes).

813 unused section(s) (total 57846 bytes) removed from the image.

==============================================================================

Image Symbol Table

    Local Symbols

    Symbol Name                              Value     Ov Type        Size  Object(Section)

    ../clib/angel/boardlib.s                 0x00000000   Number         0  boardinit1.o ABSOLUTE
    ../clib/angel/boardlib.s                 0x00000000   Number         0  boardinit2.o ABSOLUTE
    ../clib/angel/boardlib.s                 0x00000000   Number         0  boardinit3.o ABSOLUTE
    ../clib/angel/boardlib.s                 0x00000000   Number         0  boardshut.o ABSOLUTE
    ../clib/angel/handlers.s                 0x00000000   Number         0  __scatter_copy.o ABSOLUTE
    ../clib/angel/handlers.s                 0x00000000   Number         0  __scatter_zi.o ABSOLUTE
    ../clib/angel/kernel.s                   0x00000000   Number         0  __rtentry.o ABSOLUTE
    ../clib/angel/kernel.s                   0x00000000   Number         0  __rtentry2.o ABSOLUTE
    ../clib/angel/kernel.s                   0x00000000   Number         0  __rtentry4.o ABSOLUTE
    ../clib/angel/kernel.s                   0x00000000   Number         0  rtexit.o ABSOLUTE
    ../clib/angel/kernel.s                   0x00000000   Number         0  rtexit2.o ABSOLUTE
    ../clib/angel/rt.s                       0x00000000   Number         0  rt_raise.o ABSOLUTE
    ../clib/angel/scatter.s                  0x00000000   Number         0  __scatter.o ABSOLUTE
    ../clib/angel/startup.s                  0x00000000   Number         0  __main.o ABSOLUTE
    ../clib/angel/sys.s                      0x00000000   Number         0  sys_stackheap_outer.o ABSOLUTE
    ../clib/angel/sys.s                      0x00000000   Number         0  libspace.o ABSOLUTE
    ../clib/angel/sys.s                      0x00000000   Number         0  use_no_semi.o ABSOLUTE
    ../clib/angel/sys.s                      0x00000000   Number         0  indicate_semi.o ABSOLUTE
    ../clib/angel/sysapp.c                   0x00000000   Number         0  sys_exit.o ABSOLUTE
    ../clib/angel/sysapp.c                   0x00000000   Number         0  sys_exit_hlt.o ABSOLUTE
    ../clib/angel/sysapp.c                   0x00000000   Number         0  sys_command.o ABSOLUTE
    ../clib/angel/sysapp.c                   0x00000000   Number         0  sys_command_hlt.o ABSOLUTE
    ../clib/angel/sysapp.c                   0x00000000   Number         0  sys_wrch.o ABSOLUTE
    ../clib/angel/sysapp.c                   0x00000000   Number         0  sys_wrch_hlt.o ABSOLUTE
    ../clib/armsys.c                         0x00000000   Number         0  argv_veneer.o ABSOLUTE
    ../clib/armsys.c                         0x00000000   Number         0  argv_veneer.o ABSOLUTE
    ../clib/armsys.c                         0x00000000   Number         0  _get_argv_nomalloc.o ABSOLUTE
    ../clib/armsys.c                         0x00000000   Number         0  no_argv.o ABSOLUTE
    ../clib/heapalloc.c                      0x00000000   Number         0  hrguard.o ABSOLUTE
    ../clib/heapaux.c                        0x00000000   Number         0  heapauxi.o ABSOLUTE
    ../clib/libinit.s                        0x00000000   Number         0  libinit.o ABSOLUTE
    ../clib/libinit.s                        0x00000000   Number         0  libinit2.o ABSOLUTE
    ../clib/libinit.s                        0x00000000   Number         0  libshutdown.o ABSOLUTE
    ../clib/libinit.s                        0x00000000   Number         0  libshutdown2.o ABSOLUTE
    ../clib/memcpset.s                       0x00000000   Number         0  rt_memclr_w.o ABSOLUTE
    ../clib/signal.c                         0x00000000   Number         0  defsig_rtmem_outer.o ABSOLUTE
    ../clib/signal.c                         0x00000000   Number         0  defsig_rtmem_formal.o ABSOLUTE
    ../clib/signal.c                         0x00000000   Number         0  defsig_exit.o ABSOLUTE
    ../clib/signal.c                         0x00000000   Number         0  defsig_rtmem_inner.o ABSOLUTE
    ../clib/signal.c                         0x00000000   Number         0  __raise.o ABSOLUTE
    ../clib/signal.c                         0x00000000   Number         0  defsig_general.o ABSOLUTE
    ../clib/signal.c                         0x00000000   Number         0  defsig_abrt_inner.o ABSOLUTE
    ../clib/signal.c                         0x00000000   Number         0  defsig_fpe_inner.o ABSOLUTE
    ../clib/signal.c                         0x00000000   Number         0  defsig_rtred_inner.o ABSOLUTE
    ../clib/signal.c                         0x00000000   Number         0  defsig_stak_inner.o ABSOLUTE
    ../clib/signal.c                         0x00000000   Number         0  defsig_pvfn_inner.o ABSOLUTE
    ../clib/signal.c                         0x00000000   Number         0  defsig_cppl_inner.o ABSOLUTE
    ../clib/signal.c                         0x00000000   Number         0  defsig_segv_inner.o ABSOLUTE
    ../clib/signal.c                         0x00000000   Number         0  defsig_other.o ABSOLUTE
    ../clib/signal.s                         0x00000000   Number         0  defsig.o ABSOLUTE
    ../clib/stdlib.c                         0x00000000   Number         0  exit.o ABSOLUTE
    ../fplib/fpinit.s                        0x00000000   Number         0  fpinit.o ABSOLUTE
    dc.s                                     0x00000000   Number         0  dc.o ABSOLUTE
    gpio.c                                   0x00000000   Number         0  gpio.o ABSOLUTE
    main.c                                   0x00000000   Number         0  main.o ABSOLUTE
    myMain.c                                 0x00000000   Number         0  mymain.o ABSOLUTE
    quadspi.c                                0x00000000   Number         0  quadspi.o ABSOLUTE
    startup_stm32h750xx.s                    0x00000000   Number         0  startup_stm32h750xx.o ABSOLUTE
    stm32h7xx_hal.c                          0x00000000   Number         0  stm32h7xx_hal.o ABSOLUTE
    stm32h7xx_hal_cortex.c                   0x00000000   Number         0  stm32h7xx_hal_cortex.o ABSOLUTE
    stm32h7xx_hal_dma.c                      0x00000000   Number         0  stm32h7xx_hal_dma.o ABSOLUTE
    stm32h7xx_hal_dma_ex.c                   0x00000000   Number         0  stm32h7xx_hal_dma_ex.o ABSOLUTE
    stm32h7xx_hal_exti.c                     0x00000000   Number         0  stm32h7xx_hal_exti.o ABSOLUTE
    stm32h7xx_hal_flash.c                    0x00000000   Number         0  stm32h7xx_hal_flash.o ABSOLUTE
    stm32h7xx_hal_flash_ex.c                 0x00000000   Number         0  stm32h7xx_hal_flash_ex.o ABSOLUTE
    stm32h7xx_hal_gpio.c                     0x00000000   Number         0  stm32h7xx_hal_gpio.o ABSOLUTE
    stm32h7xx_hal_hsem.c                     0x00000000   Number         0  stm32h7xx_hal_hsem.o ABSOLUTE
    stm32h7xx_hal_i2c.c                      0x00000000   Number         0  stm32h7xx_hal_i2c.o ABSOLUTE
    stm32h7xx_hal_i2c_ex.c                   0x00000000   Number         0  stm32h7xx_hal_i2c_ex.o ABSOLUTE
    stm32h7xx_hal_mdma.c                     0x00000000   Number         0  stm32h7xx_hal_mdma.o ABSOLUTE
    stm32h7xx_hal_msp.c                      0x00000000   Number         0  stm32h7xx_hal_msp.o ABSOLUTE
    stm32h7xx_hal_pwr.c                      0x00000000   Number         0  stm32h7xx_hal_pwr.o ABSOLUTE
    stm32h7xx_hal_pwr_ex.c                   0x00000000   Number         0  stm32h7xx_hal_pwr_ex.o ABSOLUTE
    stm32h7xx_hal_qspi.c                     0x00000000   Number         0  stm32h7xx_hal_qspi.o ABSOLUTE
    stm32h7xx_hal_rcc.c                      0x00000000   Number         0  stm32h7xx_hal_rcc.o ABSOLUTE
    stm32h7xx_hal_rcc_ex.c                   0x00000000   Number         0  stm32h7xx_hal_rcc_ex.o ABSOLUTE
    stm32h7xx_hal_tim.c                      0x00000000   Number         0  stm32h7xx_hal_tim.o ABSOLUTE
    stm32h7xx_hal_tim_ex.c                   0x00000000   Number         0  stm32h7xx_hal_tim_ex.o ABSOLUTE
    stm32h7xx_it.c                           0x00000000   Number         0  stm32h7xx_it.o ABSOLUTE
    system_stm32h7xx.c                       0x00000000   Number         0  system_stm32h7xx.o ABSOLUTE
    w25qxx.c                                 0x00000000   Number         0  w25qxx.o ABSOLUTE
    RESET                                    0x08000000   Section      664  startup_stm32h750xx.o(RESET)
    !!!main                                  0x08000298   Section        8  __main.o(!!!main)
    !!!scatter                               0x080002a0   Section       92  __scatter.o(!!!scatter)
    !!handler_copy                           0x080002fc   Section       26  __scatter_copy.o(!!handler_copy)
    !!handler_null                           0x08000318   Section        2  __scatter.o(!!handler_null)
    !!handler_zi                             0x0800031c   Section       28  __scatter_zi.o(!!handler_zi)
    .ARM.Collect$$libinit$$00000000          0x08000338   Section        2  libinit.o(.ARM.Collect$$libinit$$00000000)
    .ARM.Collect$$libinit$$00000001          0x0800033a   Section        4  libinit2.o(.ARM.Collect$$libinit$$00000001)
    .ARM.Collect$$libinit$$00000004          0x0800033e   Section        0  libinit2.o(.ARM.Collect$$libinit$$00000004)
    .ARM.Collect$$libinit$$00000006          0x0800033e   Section        0  libinit2.o(.ARM.Collect$$libinit$$00000006)
    .ARM.Collect$$libinit$$0000000C          0x0800033e   Section        0  libinit2.o(.ARM.Collect$$libinit$$0000000C)
    .ARM.Collect$$libinit$$0000000E          0x0800033e   Section        0  libinit2.o(.ARM.Collect$$libinit$$0000000E)
    .ARM.Collect$$libinit$$00000010          0x0800033e   Section        0  libinit2.o(.ARM.Collect$$libinit$$00000010)
    .ARM.Collect$$libinit$$00000013          0x0800033e   Section        0  libinit2.o(.ARM.Collect$$libinit$$00000013)
    .ARM.Collect$$libinit$$00000015          0x0800033e   Section        0  libinit2.o(.ARM.Collect$$libinit$$00000015)
    .ARM.Collect$$libinit$$00000017          0x0800033e   Section        0  libinit2.o(.ARM.Collect$$libinit$$00000017)
    .ARM.Collect$$libinit$$00000019          0x0800033e   Section        0  libinit2.o(.ARM.Collect$$libinit$$00000019)
    .ARM.Collect$$libinit$$0000001B          0x0800033e   Section        0  libinit2.o(.ARM.Collect$$libinit$$0000001B)
    .ARM.Collect$$libinit$$0000001D          0x0800033e   Section        0  libinit2.o(.ARM.Collect$$libinit$$0000001D)
    .ARM.Collect$$libinit$$0000001F          0x0800033e   Section        0  libinit2.o(.ARM.Collect$$libinit$$0000001F)
    .ARM.Collect$$libinit$$00000021          0x0800033e   Section        0  libinit2.o(.ARM.Collect$$libinit$$00000021)
    .ARM.Collect$$libinit$$00000023          0x0800033e   Section        0  libinit2.o(.ARM.Collect$$libinit$$00000023)
    .ARM.Collect$$libinit$$00000025          0x0800033e   Section        0  libinit2.o(.ARM.Collect$$libinit$$00000025)
    .ARM.Collect$$libinit$$00000027          0x0800033e   Section        0  libinit2.o(.ARM.Collect$$libinit$$00000027)
    .ARM.Collect$$libinit$$0000002E          0x0800033e   Section        0  libinit2.o(.ARM.Collect$$libinit$$0000002E)
    .ARM.Collect$$libinit$$00000030          0x0800033e   Section        0  libinit2.o(.ARM.Collect$$libinit$$00000030)
    .ARM.Collect$$libinit$$00000032          0x0800033e   Section        0  libinit2.o(.ARM.Collect$$libinit$$00000032)
    .ARM.Collect$$libinit$$00000034          0x0800033e   Section        0  libinit2.o(.ARM.Collect$$libinit$$00000034)
    .ARM.Collect$$libinit$$00000035          0x0800033e   Section        2  libinit2.o(.ARM.Collect$$libinit$$00000035)
    .ARM.Collect$$libshutdown$$00000000      0x08000340   Section        2  libshutdown.o(.ARM.Collect$$libshutdown$$00000000)
    .ARM.Collect$$libshutdown$$00000002      0x08000342   Section        0  libshutdown2.o(.ARM.Collect$$libshutdown$$00000002)
    .ARM.Collect$$libshutdown$$00000004      0x08000342   Section        0  libshutdown2.o(.ARM.Collect$$libshutdown$$00000004)
    .ARM.Collect$$libshutdown$$00000007      0x08000342   Section        0  libshutdown2.o(.ARM.Collect$$libshutdown$$00000007)
    .ARM.Collect$$libshutdown$$0000000A      0x08000342   Section        0  libshutdown2.o(.ARM.Collect$$libshutdown$$0000000A)
    .ARM.Collect$$libshutdown$$0000000C      0x08000342   Section        0  libshutdown2.o(.ARM.Collect$$libshutdown$$0000000C)
    .ARM.Collect$$libshutdown$$0000000F      0x08000342   Section        0  libshutdown2.o(.ARM.Collect$$libshutdown$$0000000F)
    .ARM.Collect$$libshutdown$$00000010      0x08000342   Section        2  libshutdown2.o(.ARM.Collect$$libshutdown$$00000010)
    .ARM.Collect$$rtentry$$00000000          0x08000344   Section        0  __rtentry.o(.ARM.Collect$$rtentry$$00000000)
    .ARM.Collect$$rtentry$$00000002          0x08000344   Section        0  __rtentry2.o(.ARM.Collect$$rtentry$$00000002)
    .ARM.Collect$$rtentry$$00000004          0x08000344   Section        6  __rtentry4.o(.ARM.Collect$$rtentry$$00000004)
    .ARM.Collect$$rtentry$$00000009          0x0800034a   Section        0  __rtentry2.o(.ARM.Collect$$rtentry$$00000009)
    .ARM.Collect$$rtentry$$0000000A          0x0800034a   Section        4  __rtentry2.o(.ARM.Collect$$rtentry$$0000000A)
    .ARM.Collect$$rtentry$$0000000C          0x0800034e   Section        0  __rtentry2.o(.ARM.Collect$$rtentry$$0000000C)
    .ARM.Collect$$rtentry$$0000000D          0x0800034e   Section        8  __rtentry2.o(.ARM.Collect$$rtentry$$0000000D)
    .ARM.Collect$$rtexit$$00000000           0x08000356   Section        2  rtexit.o(.ARM.Collect$$rtexit$$00000000)
    .ARM.Collect$$rtexit$$00000002           0x08000358   Section        0  rtexit2.o(.ARM.Collect$$rtexit$$00000002)
    .ARM.Collect$$rtexit$$00000003           0x08000358   Section        4  rtexit2.o(.ARM.Collect$$rtexit$$00000003)
    .ARM.Collect$$rtexit$$00000004           0x0800035c   Section        6  rtexit2.o(.ARM.Collect$$rtexit$$00000004)
    $v0                                      0x08000364   Number         0  startup_stm32h750xx.o(.text)
    .text                                    0x08000364   Section       64  startup_stm32h750xx.o(.text)
    .text                                    0x080003a4   Section       78  rt_memclr_w.o(.text)
    .text                                    0x080003f2   Section        0  heapauxi.o(.text)
    .text                                    0x080003f8   Section       74  sys_stackheap_outer.o(.text)
    .text                                    0x08000442   Section        0  exit.o(.text)
    .text                                    0x08000454   Section        8  libspace.o(.text)
    .text                                    0x0800045c   Section        0  sys_exit.o(.text)
    .text                                    0x08000468   Section        2  use_no_semi.o(.text)
    .text                                    0x0800046a   Section        0  indicate_semi.o(.text)
    [Anonymous Symbol]                       0x08000470   Section        0  stm32h7xx_it.o(.text.BusFault_Handler)
    [Anonymous Symbol]                       0x08000478   Section        0  stm32h7xx_it.o(.text.DebugMon_Handler)
    [Anonymous Symbol]                       0x08000480   Section        0  main.o(.text.Error_Handler)
    [Anonymous Symbol]                       0x08000490   Section        0  stm32h7xx_hal_gpio.o(.text.HAL_GPIO_Init)
    [Anonymous Symbol]                       0x08000638   Section        0  stm32h7xx_hal.o(.text.HAL_GetREVID)
    [Anonymous Symbol]                       0x08000648   Section        0  stm32h7xx_hal.o(.text.HAL_GetTick)
    [Anonymous Symbol]                       0x08000658   Section        0  stm32h7xx_hal.o(.text.HAL_IncTick)
    [Anonymous Symbol]                       0x08000678   Section        0  stm32h7xx_hal.o(.text.HAL_Init)
    [Anonymous Symbol]                       0x080006e0   Section        0  stm32h7xx_hal.o(.text.HAL_InitTick)
    [Anonymous Symbol]                       0x08000738   Section        0  stm32h7xx_hal_cortex.o(.text.HAL_MPU_ConfigRegion)
    [Anonymous Symbol]                       0x08000798   Section        0  stm32h7xx_hal_cortex.o(.text.HAL_MPU_Disable)
    [Anonymous Symbol]                       0x080007b8   Section        0  stm32h7xx_hal_cortex.o(.text.HAL_MPU_Enable)
    [Anonymous Symbol]                       0x080007d8   Section        0  stm32h7xx_hal_msp.o(.text.HAL_MspInit)
    [Anonymous Symbol]                       0x080007f8   Section        0  stm32h7xx_hal_cortex.o(.text.HAL_NVIC_SetPriority)
    [Anonymous Symbol]                       0x08000858   Section        0  stm32h7xx_hal_cortex.o(.text.HAL_NVIC_SetPriorityGrouping)
    [Anonymous Symbol]                       0x08000878   Section        0  stm32h7xx_hal_pwr_ex.o(.text.HAL_PWREx_ConfigSupply)
    [Anonymous Symbol]                       0x080008c0   Section        0  stm32h7xx_hal_qspi.o(.text.HAL_QSPI_Command)
    [Anonymous Symbol]                       0x08000970   Section        0  stm32h7xx_hal_qspi.o(.text.HAL_QSPI_Init)
    [Anonymous Symbol]                       0x08000a40   Section        0  stm32h7xx_hal_qspi.o(.text.HAL_QSPI_MemoryMapped)
    [Anonymous Symbol]                       0x08000af0   Section        0  quadspi.o(.text.HAL_QSPI_MspInit)
    [Anonymous Symbol]                       0x08000c08   Section        0  stm32h7xx_hal_qspi.o(.text.HAL_QSPI_Receive)
    [Anonymous Symbol]                       0x08000d10   Section        0  stm32h7xx_hal_qspi.o(.text.HAL_QSPI_Transmit)
    [Anonymous Symbol]                       0x08000df8   Section        0  stm32h7xx_hal_rcc_ex.o(.text.HAL_RCCEx_PeriphCLKConfig)
    [Anonymous Symbol]                       0x080017d0   Section        0  stm32h7xx_hal_rcc.o(.text.HAL_RCC_ClockConfig)
    [Anonymous Symbol]                       0x08001a20   Section        0  stm32h7xx_hal_rcc.o(.text.HAL_RCC_GetSysClockFreq)
    [Anonymous Symbol]                       0x08001b30   Section        0  stm32h7xx_hal_rcc.o(.text.HAL_RCC_OscConfig)
    [Anonymous Symbol]                       0x08002160   Section        0  stm32h7xx_hal_cortex.o(.text.HAL_SYSTICK_Config)
    [Anonymous Symbol]                       0x08002190   Section        0  stm32h7xx_it.o(.text.HardFault_Handler)
    [Anonymous Symbol]                       0x08002198   Section        0  gpio.o(.text.MX_GPIO_Init)
    [Anonymous Symbol]                       0x08002200   Section        0  quadspi.o(.text.MX_QUADSPI_Init)
    [Anonymous Symbol]                       0x08002248   Section        0  stm32h7xx_it.o(.text.MemManage_Handler)
    [Anonymous Symbol]                       0x08002250   Section        0  stm32h7xx_it.o(.text.NMI_Handler)
    [Anonymous Symbol]                       0x08002258   Section        0  stm32h7xx_it.o(.text.PendSV_Handler)
    QSPI_Config                              0x08002261   Thumb Code   470  stm32h7xx_hal_qspi.o(.text.QSPI_Config)
    [Anonymous Symbol]                       0x08002260   Section        0  stm32h7xx_hal_qspi.o(.text.QSPI_Config)
    RCCEx_PLL2_Config                        0x08002439   Thumb Code   286  stm32h7xx_hal_rcc_ex.o(.text.RCCEx_PLL2_Config)
    [Anonymous Symbol]                       0x08002438   Section        0  stm32h7xx_hal_rcc_ex.o(.text.RCCEx_PLL2_Config)
    RCCEx_PLL3_Config                        0x08002559   Thumb Code   286  stm32h7xx_hal_rcc_ex.o(.text.RCCEx_PLL3_Config)
    [Anonymous Symbol]                       0x08002558   Section        0  stm32h7xx_hal_rcc_ex.o(.text.RCCEx_PLL3_Config)
    [Anonymous Symbol]                       0x08002678   Section        0  stm32h7xx_it.o(.text.SVC_Handler)
    [Anonymous Symbol]                       0x08002680   Section        0  stm32h7xx_it.o(.text.SysTick_Handler)
    [Anonymous Symbol]                       0x08002688   Section        0  main.o(.text.SystemClock_Config)
    [Anonymous Symbol]                       0x08002798   Section        0  system_stm32h7xx.o(.text.SystemInit)
    [Anonymous Symbol]                       0x08002878   Section        0  stm32h7xx_it.o(.text.UsageFault_Handler)
    [Anonymous Symbol]                       0x08002880   Section        0  mymain.o(.text.UserMain)
    [Anonymous Symbol]                       0x08002938   Section        0  w25qxx.o(.text.W25QXX_EnterQPIMode)
    [Anonymous Symbol]                       0x08002b10   Section        0  w25qxx.o(.text.W25QXX_Init)
    [Anonymous Symbol]                       0x08002b68   Section        0  w25qxx.o(.text.W25QXX_Reset)
    [Anonymous Symbol]                       0x08002c50   Section        0  w25qxx.o(.text.W25Q_Memory_Mapped_Enable)
    [Anonymous Symbol]                       0x08002c98   Section        0  main.o(.text.main)
    $v0                                      0x08002d72   Number         0  fpinit.o(x$fpl$fpinit)
    x$fpl$fpinit                             0x08002d72   Section       26  fpinit.o(x$fpl$fpinit)
    .bss                                     0x24000010   Section       96  libspace.o(.bss)
    Heap_Mem                                 0x240000d0   Data         512  startup_stm32h750xx.o(HEAP)
    HEAP                                     0x240000d0   Section      512  startup_stm32h750xx.o(HEAP)
    Stack_Mem                                0x240002d0   Data        1024  startup_stm32h750xx.o(STACK)
    STACK                                    0x240002d0   Section     1024  startup_stm32h750xx.o(STACK)
    __initial_sp                             0x240006d0   Data           0  startup_stm32h750xx.o(STACK)

    Global Symbols

    Symbol Name                              Value     Ov Type        Size  Object(Section)

    BuildAttributes$$THM_ISAv4$E$P$D$K$B$S$7EM$VFPv5_D16$PE$PLD8$A:L22UL41UL21$X:L11$S22US41US21$IEEE1$IW$~IW$USESV6$~STKCKD$USESV7$WCHAR32$ENUMINT$~SHL$OTIME$ROPI$EBA8$UX$STANDARDLIB$REQ8$PRES8$EABIv2 0x00000000   Number         0  anon$$obj.o ABSOLUTE
    __ARM_exceptions_init                     - Undefined Weak Reference
    __alloca_initialize                       - Undefined Weak Reference
    __arm_preinit_                            - Undefined Weak Reference
    __arm_relocate_pie_                       - Undefined Weak Reference
    __cpp_initialize__aeabi_                  - Undefined Weak Reference
    __cxa_finalize                            - Undefined Weak Reference
    __rt_locale                               - Undefined Weak Reference
    __sigvec_lookup                           - Undefined Weak Reference
    _atexit_init                              - Undefined Weak Reference
    _call_atexit_fns                          - Undefined Weak Reference
    _clock_init                               - Undefined Weak Reference
    _fp_trap_init                             - Undefined Weak Reference
    _fp_trap_shutdown                         - Undefined Weak Reference
    _get_lc_collate                           - Undefined Weak Reference
    _get_lc_ctype                             - Undefined Weak Reference
    _get_lc_monetary                          - Undefined Weak Reference
    _get_lc_numeric                           - Undefined Weak Reference
    _get_lc_time                              - Undefined Weak Reference
    _getenv_init                              - Undefined Weak Reference
    _handle_redirection                       - Undefined Weak Reference
    _init_alloc                               - Undefined Weak Reference
    _init_user_alloc                          - Undefined Weak Reference
    _initio                                   - Undefined Weak Reference
    _rand_init                                - Undefined Weak Reference
    _signal_finish                            - Undefined Weak Reference
    _signal_init                              - Undefined Weak Reference
    _terminate_alloc                          - Undefined Weak Reference
    _terminate_user_alloc                     - Undefined Weak Reference
    _terminateio                              - Undefined Weak Reference
    __Vectors_Size                           0x00000298   Number         0  startup_stm32h750xx.o ABSOLUTE
    __Vectors                                0x08000000   Data           4  startup_stm32h750xx.o(RESET)
    __Vectors_End                            0x08000298   Data           0  startup_stm32h750xx.o(RESET)
    __main                                   0x08000299   Thumb Code     8  __main.o(!!!main)
    __scatterload                            0x080002a1   Thumb Code     0  __scatter.o(!!!scatter)
    __scatterload_rt2                        0x080002a1   Thumb Code    84  __scatter.o(!!!scatter)
    __scatterload_rt2_thumb_only             0x080002a1   Thumb Code     0  __scatter.o(!!!scatter)
    __scatterload_loop                       0x080002ab   Thumb Code     0  __scatter.o(!!!scatter)
    __scatterload_copy                       0x080002fd   Thumb Code    26  __scatter_copy.o(!!handler_copy)
    __scatterload_null                       0x08000319   Thumb Code     2  __scatter.o(!!handler_null)
    __scatterload_zeroinit                   0x0800031d   Thumb Code    28  __scatter_zi.o(!!handler_zi)
    __rt_lib_init                            0x08000339   Thumb Code     0  libinit.o(.ARM.Collect$$libinit$$00000000)
    __rt_lib_init_fp_1                       0x0800033b   Thumb Code     0  libinit2.o(.ARM.Collect$$libinit$$00000001)
    __rt_lib_init_alloca_1                   0x0800033f   Thumb Code     0  libinit2.o(.ARM.Collect$$libinit$$00000030)
    __rt_lib_init_argv_1                     0x0800033f   Thumb Code     0  libinit2.o(.ARM.Collect$$libinit$$0000002E)
    __rt_lib_init_atexit_1                   0x0800033f   Thumb Code     0  libinit2.o(.ARM.Collect$$libinit$$0000001D)
    __rt_lib_init_clock_1                    0x0800033f   Thumb Code     0  libinit2.o(.ARM.Collect$$libinit$$00000023)
    __rt_lib_init_cpp_1                      0x0800033f   Thumb Code     0  libinit2.o(.ARM.Collect$$libinit$$00000034)
    __rt_lib_init_exceptions_1               0x0800033f   Thumb Code     0  libinit2.o(.ARM.Collect$$libinit$$00000032)
    __rt_lib_init_fp_trap_1                  0x0800033f   Thumb Code     0  libinit2.o(.ARM.Collect$$libinit$$00000021)
    __rt_lib_init_getenv_1                   0x0800033f   Thumb Code     0  libinit2.o(.ARM.Collect$$libinit$$00000025)
    __rt_lib_init_heap_1                     0x0800033f   Thumb Code     0  libinit2.o(.ARM.Collect$$libinit$$0000000C)
    __rt_lib_init_lc_collate_1               0x0800033f   Thumb Code     0  libinit2.o(.ARM.Collect$$libinit$$00000013)
    __rt_lib_init_lc_ctype_1                 0x0800033f   Thumb Code     0  libinit2.o(.ARM.Collect$$libinit$$00000015)
    __rt_lib_init_lc_monetary_1              0x0800033f   Thumb Code     0  libinit2.o(.ARM.Collect$$libinit$$00000017)
    __rt_lib_init_lc_numeric_1               0x0800033f   Thumb Code     0  libinit2.o(.ARM.Collect$$libinit$$00000019)
    __rt_lib_init_lc_time_1                  0x0800033f   Thumb Code     0  libinit2.o(.ARM.Collect$$libinit$$0000001B)
    __rt_lib_init_preinit_1                  0x0800033f   Thumb Code     0  libinit2.o(.ARM.Collect$$libinit$$00000006)
    __rt_lib_init_rand_1                     0x0800033f   Thumb Code     0  libinit2.o(.ARM.Collect$$libinit$$00000010)
    __rt_lib_init_relocate_pie_1             0x0800033f   Thumb Code     0  libinit2.o(.ARM.Collect$$libinit$$00000004)
    __rt_lib_init_return                     0x0800033f   Thumb Code     0  libinit2.o(.ARM.Collect$$libinit$$00000035)
    __rt_lib_init_signal_1                   0x0800033f   Thumb Code     0  libinit2.o(.ARM.Collect$$libinit$$0000001F)
    __rt_lib_init_stdio_1                    0x0800033f   Thumb Code     0  libinit2.o(.ARM.Collect$$libinit$$00000027)
    __rt_lib_init_user_alloc_1               0x0800033f   Thumb Code     0  libinit2.o(.ARM.Collect$$libinit$$0000000E)
    __rt_lib_shutdown                        0x08000341   Thumb Code     0  libshutdown.o(.ARM.Collect$$libshutdown$$00000000)
    __rt_lib_shutdown_cpp_1                  0x08000343   Thumb Code     0  libshutdown2.o(.ARM.Collect$$libshutdown$$00000002)
    __rt_lib_shutdown_fp_trap_1              0x08000343   Thumb Code     0  libshutdown2.o(.ARM.Collect$$libshutdown$$00000007)
    __rt_lib_shutdown_heap_1                 0x08000343   Thumb Code     0  libshutdown2.o(.ARM.Collect$$libshutdown$$0000000F)
    __rt_lib_shutdown_return                 0x08000343   Thumb Code     0  libshutdown2.o(.ARM.Collect$$libshutdown$$00000010)
    __rt_lib_shutdown_signal_1               0x08000343   Thumb Code     0  libshutdown2.o(.ARM.Collect$$libshutdown$$0000000A)
    __rt_lib_shutdown_stdio_1                0x08000343   Thumb Code     0  libshutdown2.o(.ARM.Collect$$libshutdown$$00000004)
    __rt_lib_shutdown_user_alloc_1           0x08000343   Thumb Code     0  libshutdown2.o(.ARM.Collect$$libshutdown$$0000000C)
    __rt_entry                               0x08000345   Thumb Code     0  __rtentry.o(.ARM.Collect$$rtentry$$00000000)
    __rt_entry_presh_1                       0x08000345   Thumb Code     0  __rtentry2.o(.ARM.Collect$$rtentry$$00000002)
    __rt_entry_sh                            0x08000345   Thumb Code     0  __rtentry4.o(.ARM.Collect$$rtentry$$00000004)
    __rt_entry_li                            0x0800034b   Thumb Code     0  __rtentry2.o(.ARM.Collect$$rtentry$$0000000A)
    __rt_entry_postsh_1                      0x0800034b   Thumb Code     0  __rtentry2.o(.ARM.Collect$$rtentry$$00000009)
    __rt_entry_main                          0x0800034f   Thumb Code     0  __rtentry2.o(.ARM.Collect$$rtentry$$0000000D)
    __rt_entry_postli_1                      0x0800034f   Thumb Code     0  __rtentry2.o(.ARM.Collect$$rtentry$$0000000C)
    __rt_exit                                0x08000357   Thumb Code     0  rtexit.o(.ARM.Collect$$rtexit$$00000000)
    __rt_exit_ls                             0x08000359   Thumb Code     0  rtexit2.o(.ARM.Collect$$rtexit$$00000003)
    __rt_exit_prels_1                        0x08000359   Thumb Code     0  rtexit2.o(.ARM.Collect$$rtexit$$00000002)
    __rt_exit_exit                           0x0800035d   Thumb Code     0  rtexit2.o(.ARM.Collect$$rtexit$$00000004)
    Reset_Handler                            0x08000365   Thumb Code     8  startup_stm32h750xx.o(.text)
    ADC3_IRQHandler                          0x0800037f   Thumb Code     0  startup_stm32h750xx.o(.text)
    ADC_IRQHandler                           0x0800037f   Thumb Code     0  startup_stm32h750xx.o(.text)
    BDMA_Channel0_IRQHandler                 0x0800037f   Thumb Code     0  startup_stm32h750xx.o(.text)
    BDMA_Channel1_IRQHandler                 0x0800037f   Thumb Code     0  startup_stm32h750xx.o(.text)
    BDMA_Channel2_IRQHandler                 0x0800037f   Thumb Code     0  startup_stm32h750xx.o(.text)
    BDMA_Channel3_IRQHandler                 0x0800037f   Thumb Code     0  startup_stm32h750xx.o(.text)
    BDMA_Channel4_IRQHandler                 0x0800037f   Thumb Code     0  startup_stm32h750xx.o(.text)
    BDMA_Channel5_IRQHandler                 0x0800037f   Thumb Code     0  startup_stm32h750xx.o(.text)
    BDMA_Channel6_IRQHandler                 0x0800037f   Thumb Code     0  startup_stm32h750xx.o(.text)
    BDMA_Channel7_IRQHandler                 0x0800037f   Thumb Code     0  startup_stm32h750xx.o(.text)
    CEC_IRQHandler                           0x0800037f   Thumb Code     0  startup_stm32h750xx.o(.text)
    COMP1_IRQHandler                         0x0800037f   Thumb Code     0  startup_stm32h750xx.o(.text)
    CRS_IRQHandler                           0x0800037f   Thumb Code     0  startup_stm32h750xx.o(.text)
    CRYP_IRQHandler                          0x0800037f   Thumb Code     0  startup_stm32h750xx.o(.text)
    DCMI_IRQHandler                          0x0800037f   Thumb Code     0  startup_stm32h750xx.o(.text)
    DFSDM1_FLT0_IRQHandler                   0x0800037f   Thumb Code     0  startup_stm32h750xx.o(.text)
    DFSDM1_FLT1_IRQHandler                   0x0800037f   Thumb Code     0  startup_stm32h750xx.o(.text)
    DFSDM1_FLT2_IRQHandler                   0x0800037f   Thumb Code     0  startup_stm32h750xx.o(.text)
    DFSDM1_FLT3_IRQHandler                   0x0800037f   Thumb Code     0  startup_stm32h750xx.o(.text)
    DMA1_Stream0_IRQHandler                  0x0800037f   Thumb Code     0  startup_stm32h750xx.o(.text)
    DMA1_Stream1_IRQHandler                  0x0800037f   Thumb Code     0  startup_stm32h750xx.o(.text)
    DMA1_Stream2_IRQHandler                  0x0800037f   Thumb Code     0  startup_stm32h750xx.o(.text)
    DMA1_Stream3_IRQHandler                  0x0800037f   Thumb Code     0  startup_stm32h750xx.o(.text)
    DMA1_Stream4_IRQHandler                  0x0800037f   Thumb Code     0  startup_stm32h750xx.o(.text)
    DMA1_Stream5_IRQHandler                  0x0800037f   Thumb Code     0  startup_stm32h750xx.o(.text)
    DMA1_Stream6_IRQHandler                  0x0800037f   Thumb Code     0  startup_stm32h750xx.o(.text)
    DMA1_Stream7_IRQHandler                  0x0800037f   Thumb Code     0  startup_stm32h750xx.o(.text)
    DMA2D_IRQHandler                         0x0800037f   Thumb Code     0  startup_stm32h750xx.o(.text)
    DMA2_Stream0_IRQHandler                  0x0800037f   Thumb Code     0  startup_stm32h750xx.o(.text)
    DMA2_Stream1_IRQHandler                  0x0800037f   Thumb Code     0  startup_stm32h750xx.o(.text)
    DMA2_Stream2_IRQHandler                  0x0800037f   Thumb Code     0  startup_stm32h750xx.o(.text)
    DMA2_Stream3_IRQHandler                  0x0800037f   Thumb Code     0  startup_stm32h750xx.o(.text)
    DMA2_Stream4_IRQHandler                  0x0800037f   Thumb Code     0  startup_stm32h750xx.o(.text)
    DMA2_Stream5_IRQHandler                  0x0800037f   Thumb Code     0  startup_stm32h750xx.o(.text)
    DMA2_Stream6_IRQHandler                  0x0800037f   Thumb Code     0  startup_stm32h750xx.o(.text)
    DMA2_Stream7_IRQHandler                  0x0800037f   Thumb Code     0  startup_stm32h750xx.o(.text)
    DMAMUX1_OVR_IRQHandler                   0x0800037f   Thumb Code     0  startup_stm32h750xx.o(.text)
    DMAMUX2_OVR_IRQHandler                   0x0800037f   Thumb Code     0  startup_stm32h750xx.o(.text)
    ECC_IRQHandler                           0x0800037f   Thumb Code     0  startup_stm32h750xx.o(.text)
    ETH_IRQHandler                           0x0800037f   Thumb Code     0  startup_stm32h750xx.o(.text)
    ETH_WKUP_IRQHandler                      0x0800037f   Thumb Code     0  startup_stm32h750xx.o(.text)
    EXTI0_IRQHandler                         0x0800037f   Thumb Code     0  startup_stm32h750xx.o(.text)
    EXTI15_10_IRQHandler                     0x0800037f   Thumb Code     0  startup_stm32h750xx.o(.text)
    EXTI1_IRQHandler                         0x0800037f   Thumb Code     0  startup_stm32h750xx.o(.text)
    EXTI2_IRQHandler                         0x0800037f   Thumb Code     0  startup_stm32h750xx.o(.text)
    EXTI3_IRQHandler                         0x0800037f   Thumb Code     0  startup_stm32h750xx.o(.text)
    EXTI4_IRQHandler                         0x0800037f   Thumb Code     0  startup_stm32h750xx.o(.text)
    EXTI9_5_IRQHandler                       0x0800037f   Thumb Code     0  startup_stm32h750xx.o(.text)
    FDCAN1_IT0_IRQHandler                    0x0800037f   Thumb Code     0  startup_stm32h750xx.o(.text)
    FDCAN1_IT1_IRQHandler                    0x0800037f   Thumb Code     0  startup_stm32h750xx.o(.text)
    FDCAN2_IT0_IRQHandler                    0x0800037f   Thumb Code     0  startup_stm32h750xx.o(.text)
    FDCAN2_IT1_IRQHandler                    0x0800037f   Thumb Code     0  startup_stm32h750xx.o(.text)
    FDCAN_CAL_IRQHandler                     0x0800037f   Thumb Code     0  startup_stm32h750xx.o(.text)
    FLASH_IRQHandler                         0x0800037f   Thumb Code     0  startup_stm32h750xx.o(.text)
    FMC_IRQHandler                           0x0800037f   Thumb Code     0  startup_stm32h750xx.o(.text)
    FPU_IRQHandler                           0x0800037f   Thumb Code     0  startup_stm32h750xx.o(.text)
    HASH_RNG_IRQHandler                      0x0800037f   Thumb Code     0  startup_stm32h750xx.o(.text)
    HRTIM1_FLT_IRQHandler                    0x0800037f   Thumb Code     0  startup_stm32h750xx.o(.text)
    HRTIM1_Master_IRQHandler                 0x0800037f   Thumb Code     0  startup_stm32h750xx.o(.text)
    HRTIM1_TIMA_IRQHandler                   0x0800037f   Thumb Code     0  startup_stm32h750xx.o(.text)
    HRTIM1_TIMB_IRQHandler                   0x0800037f   Thumb Code     0  startup_stm32h750xx.o(.text)
    HRTIM1_TIMC_IRQHandler                   0x0800037f   Thumb Code     0  startup_stm32h750xx.o(.text)
    HRTIM1_TIMD_IRQHandler                   0x0800037f   Thumb Code     0  startup_stm32h750xx.o(.text)
    HRTIM1_TIME_IRQHandler                   0x0800037f   Thumb Code     0  startup_stm32h750xx.o(.text)
    HSEM1_IRQHandler                         0x0800037f   Thumb Code     0  startup_stm32h750xx.o(.text)
    I2C1_ER_IRQHandler                       0x0800037f   Thumb Code     0  startup_stm32h750xx.o(.text)
    I2C1_EV_IRQHandler                       0x0800037f   Thumb Code     0  startup_stm32h750xx.o(.text)
    I2C2_ER_IRQHandler                       0x0800037f   Thumb Code     0  startup_stm32h750xx.o(.text)
    I2C2_EV_IRQHandler                       0x0800037f   Thumb Code     0  startup_stm32h750xx.o(.text)
    I2C3_ER_IRQHandler                       0x0800037f   Thumb Code     0  startup_stm32h750xx.o(.text)
    I2C3_EV_IRQHandler                       0x0800037f   Thumb Code     0  startup_stm32h750xx.o(.text)
    I2C4_ER_IRQHandler                       0x0800037f   Thumb Code     0  startup_stm32h750xx.o(.text)
    I2C4_EV_IRQHandler                       0x0800037f   Thumb Code     0  startup_stm32h750xx.o(.text)
    JPEG_IRQHandler                          0x0800037f   Thumb Code     0  startup_stm32h750xx.o(.text)
    LPTIM1_IRQHandler                        0x0800037f   Thumb Code     0  startup_stm32h750xx.o(.text)
    LPTIM2_IRQHandler                        0x0800037f   Thumb Code     0  startup_stm32h750xx.o(.text)
    LPTIM3_IRQHandler                        0x0800037f   Thumb Code     0  startup_stm32h750xx.o(.text)
    LPTIM4_IRQHandler                        0x0800037f   Thumb Code     0  startup_stm32h750xx.o(.text)
    LPTIM5_IRQHandler                        0x0800037f   Thumb Code     0  startup_stm32h750xx.o(.text)
    LPUART1_IRQHandler                       0x0800037f   Thumb Code     0  startup_stm32h750xx.o(.text)
    LTDC_ER_IRQHandler                       0x0800037f   Thumb Code     0  startup_stm32h750xx.o(.text)
    LTDC_IRQHandler                          0x0800037f   Thumb Code     0  startup_stm32h750xx.o(.text)
    MDIOS_IRQHandler                         0x0800037f   Thumb Code     0  startup_stm32h750xx.o(.text)
    MDIOS_WKUP_IRQHandler                    0x0800037f   Thumb Code     0  startup_stm32h750xx.o(.text)
    MDMA_IRQHandler                          0x0800037f   Thumb Code     0  startup_stm32h750xx.o(.text)
    OTG_FS_EP1_IN_IRQHandler                 0x0800037f   Thumb Code     0  startup_stm32h750xx.o(.text)
    OTG_FS_EP1_OUT_IRQHandler                0x0800037f   Thumb Code     0  startup_stm32h750xx.o(.text)
    OTG_FS_IRQHandler                        0x0800037f   Thumb Code     0  startup_stm32h750xx.o(.text)
    OTG_FS_WKUP_IRQHandler                   0x0800037f   Thumb Code     0  startup_stm32h750xx.o(.text)
    OTG_HS_EP1_IN_IRQHandler                 0x0800037f   Thumb Code     0  startup_stm32h750xx.o(.text)
    OTG_HS_EP1_OUT_IRQHandler                0x0800037f   Thumb Code     0  startup_stm32h750xx.o(.text)
    OTG_HS_IRQHandler                        0x0800037f   Thumb Code     0  startup_stm32h750xx.o(.text)
    OTG_HS_WKUP_IRQHandler                   0x0800037f   Thumb Code     0  startup_stm32h750xx.o(.text)
    PVD_AVD_IRQHandler                       0x0800037f   Thumb Code     0  startup_stm32h750xx.o(.text)
    QUADSPI_IRQHandler                       0x0800037f   Thumb Code     0  startup_stm32h750xx.o(.text)
    RCC_IRQHandler                           0x0800037f   Thumb Code     0  startup_stm32h750xx.o(.text)
    RTC_Alarm_IRQHandler                     0x0800037f   Thumb Code     0  startup_stm32h750xx.o(.text)
    RTC_WKUP_IRQHandler                      0x0800037f   Thumb Code     0  startup_stm32h750xx.o(.text)
    SAI1_IRQHandler                          0x0800037f   Thumb Code     0  startup_stm32h750xx.o(.text)
    SAI2_IRQHandler                          0x0800037f   Thumb Code     0  startup_stm32h750xx.o(.text)
    SAI3_IRQHandler                          0x0800037f   Thumb Code     0  startup_stm32h750xx.o(.text)
    SAI4_IRQHandler                          0x0800037f   Thumb Code     0  startup_stm32h750xx.o(.text)
    SDMMC1_IRQHandler                        0x0800037f   Thumb Code     0  startup_stm32h750xx.o(.text)
    SDMMC2_IRQHandler                        0x0800037f   Thumb Code     0  startup_stm32h750xx.o(.text)
    SPDIF_RX_IRQHandler                      0x0800037f   Thumb Code     0  startup_stm32h750xx.o(.text)
    SPI1_IRQHandler                          0x0800037f   Thumb Code     0  startup_stm32h750xx.o(.text)
    SPI2_IRQHandler                          0x0800037f   Thumb Code     0  startup_stm32h750xx.o(.text)
    SPI3_IRQHandler                          0x0800037f   Thumb Code     0  startup_stm32h750xx.o(.text)
    SPI4_IRQHandler                          0x0800037f   Thumb Code     0  startup_stm32h750xx.o(.text)
    SPI5_IRQHandler                          0x0800037f   Thumb Code     0  startup_stm32h750xx.o(.text)
    SPI6_IRQHandler                          0x0800037f   Thumb Code     0  startup_stm32h750xx.o(.text)
    SWPMI1_IRQHandler                        0x0800037f   Thumb Code     0  startup_stm32h750xx.o(.text)
    TAMP_STAMP_IRQHandler                    0x0800037f   Thumb Code     0  startup_stm32h750xx.o(.text)
    TIM15_IRQHandler                         0x0800037f   Thumb Code     0  startup_stm32h750xx.o(.text)
    TIM16_IRQHandler                         0x0800037f   Thumb Code     0  startup_stm32h750xx.o(.text)
    TIM17_IRQHandler                         0x0800037f   Thumb Code     0  startup_stm32h750xx.o(.text)
    TIM1_BRK_IRQHandler                      0x0800037f   Thumb Code     0  startup_stm32h750xx.o(.text)
    TIM1_CC_IRQHandler                       0x0800037f   Thumb Code     0  startup_stm32h750xx.o(.text)
    TIM1_TRG_COM_IRQHandler                  0x0800037f   Thumb Code     0  startup_stm32h750xx.o(.text)
    TIM1_UP_IRQHandler                       0x0800037f   Thumb Code     0  startup_stm32h750xx.o(.text)
    TIM2_IRQHandler                          0x0800037f   Thumb Code     0  startup_stm32h750xx.o(.text)
    TIM3_IRQHandler                          0x0800037f   Thumb Code     0  startup_stm32h750xx.o(.text)
    TIM4_IRQHandler                          0x0800037f   Thumb Code     0  startup_stm32h750xx.o(.text)
    TIM5_IRQHandler                          0x0800037f   Thumb Code     0  startup_stm32h750xx.o(.text)
    TIM6_DAC_IRQHandler                      0x0800037f   Thumb Code     0  startup_stm32h750xx.o(.text)
    TIM7_IRQHandler                          0x0800037f   Thumb Code     0  startup_stm32h750xx.o(.text)
    TIM8_BRK_TIM12_IRQHandler                0x0800037f   Thumb Code     0  startup_stm32h750xx.o(.text)
    TIM8_CC_IRQHandler                       0x0800037f   Thumb Code     0  startup_stm32h750xx.o(.text)
    TIM8_TRG_COM_TIM14_IRQHandler            0x0800037f   Thumb Code     0  startup_stm32h750xx.o(.text)
    TIM8_UP_TIM13_IRQHandler                 0x0800037f   Thumb Code     0  startup_stm32h750xx.o(.text)
    UART4_IRQHandler                         0x0800037f   Thumb Code     0  startup_stm32h750xx.o(.text)
    UART5_IRQHandler                         0x0800037f   Thumb Code     0  startup_stm32h750xx.o(.text)
    UART7_IRQHandler                         0x0800037f   Thumb Code     0  startup_stm32h750xx.o(.text)
    UART8_IRQHandler                         0x0800037f   Thumb Code     0  startup_stm32h750xx.o(.text)
    USART1_IRQHandler                        0x0800037f   Thumb Code     0  startup_stm32h750xx.o(.text)
    USART2_IRQHandler                        0x0800037f   Thumb Code     0  startup_stm32h750xx.o(.text)
    USART3_IRQHandler                        0x0800037f   Thumb Code     0  startup_stm32h750xx.o(.text)
    USART6_IRQHandler                        0x0800037f   Thumb Code     0  startup_stm32h750xx.o(.text)
    WAKEUP_PIN_IRQHandler                    0x0800037f   Thumb Code     0  startup_stm32h750xx.o(.text)
    WWDG_IRQHandler                          0x0800037f   Thumb Code     0  startup_stm32h750xx.o(.text)
    __user_initial_stackheap                 0x08000381   Thumb Code     0  startup_stm32h750xx.o(.text)
    __aeabi_memclr4                          0x080003a5   Thumb Code     0  rt_memclr_w.o(.text)
    __aeabi_memclr8                          0x080003a5   Thumb Code     0  rt_memclr_w.o(.text)
    __rt_memclr_w                            0x080003a5   Thumb Code     0  rt_memclr_w.o(.text)
    _memset_w                                0x080003a9   Thumb Code    74  rt_memclr_w.o(.text)
    __use_two_region_memory                  0x080003f3   Thumb Code     2  heapauxi.o(.text)
    __rt_heap_escrow$2region                 0x080003f5   Thumb Code     2  heapauxi.o(.text)
    __rt_heap_expand$2region                 0x080003f7   Thumb Code     2  heapauxi.o(.text)
    __user_setup_stackheap                   0x080003f9   Thumb Code    74  sys_stackheap_outer.o(.text)
    exit                                     0x08000443   Thumb Code    18  exit.o(.text)
    __user_libspace                          0x08000455   Thumb Code     8  libspace.o(.text)
    __user_perproc_libspace                  0x08000455   Thumb Code     0  libspace.o(.text)
    __user_perthread_libspace                0x08000455   Thumb Code     0  libspace.o(.text)
    _sys_exit                                0x0800045d   Thumb Code     8  sys_exit.o(.text)
    __I$use$semihosting                      0x08000469   Thumb Code     0  use_no_semi.o(.text)
    __use_no_semihosting_swi                 0x08000469   Thumb Code     2  use_no_semi.o(.text)
    __semihosting_library_function           0x0800046b   Thumb Code     0  indicate_semi.o(.text)
    BusFault_Handler                         0x08000471   Thumb Code     2  stm32h7xx_it.o(.text.BusFault_Handler)
    DebugMon_Handler                         0x08000479   Thumb Code     2  stm32h7xx_it.o(.text.DebugMon_Handler)
    Error_Handler                            0x08000481   Thumb Code    10  main.o(.text.Error_Handler)
    HAL_GPIO_Init                            0x08000491   Thumb Code   418  stm32h7xx_hal_gpio.o(.text.HAL_GPIO_Init)
    HAL_GetREVID                             0x08000639   Thumb Code    14  stm32h7xx_hal.o(.text.HAL_GetREVID)
    HAL_GetTick                              0x08000649   Thumb Code    12  stm32h7xx_hal.o(.text.HAL_GetTick)
    HAL_IncTick                              0x08000659   Thumb Code    26  stm32h7xx_hal.o(.text.HAL_IncTick)
    HAL_Init                                 0x08000679   Thumb Code   100  stm32h7xx_hal.o(.text.HAL_Init)
    HAL_InitTick                             0x080006e1   Thumb Code    88  stm32h7xx_hal.o(.text.HAL_InitTick)
    HAL_MPU_ConfigRegion                     0x08000739   Thumb Code    94  stm32h7xx_hal_cortex.o(.text.HAL_MPU_ConfigRegion)
    HAL_MPU_Disable                          0x08000799   Thumb Code    26  stm32h7xx_hal_cortex.o(.text.HAL_MPU_Disable)
    HAL_MPU_Enable                           0x080007b9   Thumb Code    32  stm32h7xx_hal_cortex.o(.text.HAL_MPU_Enable)
    HAL_MspInit                              0x080007d9   Thumb Code    32  stm32h7xx_hal_msp.o(.text.HAL_MspInit)
    HAL_NVIC_SetPriority                     0x080007f9   Thumb Code    90  stm32h7xx_hal_cortex.o(.text.HAL_NVIC_SetPriority)
    HAL_NVIC_SetPriorityGrouping             0x08000859   Thumb Code    32  stm32h7xx_hal_cortex.o(.text.HAL_NVIC_SetPriorityGrouping)
    HAL_PWREx_ConfigSupply                   0x08000879   Thumb Code    72  stm32h7xx_hal_pwr_ex.o(.text.HAL_PWREx_ConfigSupply)
    HAL_QSPI_Command                         0x080008c1   Thumb Code   176  stm32h7xx_hal_qspi.o(.text.HAL_QSPI_Command)
    HAL_QSPI_Init                            0x08000971   Thumb Code   206  stm32h7xx_hal_qspi.o(.text.HAL_QSPI_Init)
    HAL_QSPI_MemoryMapped                    0x08000a41   Thumb Code   172  stm32h7xx_hal_qspi.o(.text.HAL_QSPI_MemoryMapped)
    HAL_QSPI_MspInit                         0x08000af1   Thumb Code   278  quadspi.o(.text.HAL_QSPI_MspInit)
    HAL_QSPI_Receive                         0x08000c09   Thumb Code   258  stm32h7xx_hal_qspi.o(.text.HAL_QSPI_Receive)
    HAL_QSPI_Transmit                        0x08000d11   Thumb Code   232  stm32h7xx_hal_qspi.o(.text.HAL_QSPI_Transmit)
    HAL_RCCEx_PeriphCLKConfig                0x08000df9   Thumb Code  2516  stm32h7xx_hal_rcc_ex.o(.text.HAL_RCCEx_PeriphCLKConfig)
    HAL_RCC_ClockConfig                      0x080017d1   Thumb Code   586  stm32h7xx_hal_rcc.o(.text.HAL_RCC_ClockConfig)
    HAL_RCC_GetSysClockFreq                  0x08001a21   Thumb Code   252  stm32h7xx_hal_rcc.o(.text.HAL_RCC_GetSysClockFreq)
    HAL_RCC_OscConfig                        0x08001b31   Thumb Code  1582  stm32h7xx_hal_rcc.o(.text.HAL_RCC_OscConfig)
    HAL_SYSTICK_Config                       0x08002161   Thumb Code    44  stm32h7xx_hal_cortex.o(.text.HAL_SYSTICK_Config)
    HardFault_Handler                        0x08002191   Thumb Code     2  stm32h7xx_it.o(.text.HardFault_Handler)
    MX_GPIO_Init                             0x08002199   Thumb Code   104  gpio.o(.text.MX_GPIO_Init)
    MX_QUADSPI_Init                          0x08002201   Thumb Code    68  quadspi.o(.text.MX_QUADSPI_Init)
    MemManage_Handler                        0x08002249   Thumb Code     2  stm32h7xx_it.o(.text.MemManage_Handler)
    NMI_Handler                              0x08002251   Thumb Code     2  stm32h7xx_it.o(.text.NMI_Handler)
    PendSV_Handler                           0x08002259   Thumb Code     2  stm32h7xx_it.o(.text.PendSV_Handler)
    SVC_Handler                              0x08002679   Thumb Code     2  stm32h7xx_it.o(.text.SVC_Handler)
    SysTick_Handler                          0x08002681   Thumb Code     4  stm32h7xx_it.o(.text.SysTick_Handler)
    SystemClock_Config                       0x08002689   Thumb Code   270  main.o(.text.SystemClock_Config)
    SystemInit                               0x08002799   Thumb Code   218  system_stm32h7xx.o(.text.SystemInit)
    UsageFault_Handler                       0x08002879   Thumb Code     2  stm32h7xx_it.o(.text.UsageFault_Handler)
    UserMain                                 0x08002881   Thumb Code   180  mymain.o(.text.UserMain)
    W25QXX_EnterQPIMode                      0x08002939   Thumb Code   470  w25qxx.o(.text.W25QXX_EnterQPIMode)
    W25QXX_Init                              0x08002b11   Thumb Code    82  w25qxx.o(.text.W25QXX_Init)
    W25QXX_Reset                             0x08002b69   Thumb Code   230  w25qxx.o(.text.W25QXX_Reset)
    W25Q_Memory_Mapped_Enable                0x08002c51   Thumb Code    70  w25qxx.o(.text.W25Q_Memory_Mapped_Enable)
    main                                     0x08002c99   Thumb Code   218  main.o(.text.main)
    _fp_init                                 0x08002d73   Thumb Code    26  fpinit.o(x$fpl$fpinit)
    __fplib_config_fpu_vfp                   0x08002d8b   Thumb Code     0  fpinit.o(x$fpl$fpinit)
    __fplib_config_pureend_doubles           0x08002d8b   Thumb Code     0  fpinit.o(x$fpl$fpinit)
    D1CorePrescTable                         0x08002d8c   Data          16  system_stm32h7xx.o(.rodata.D1CorePrescTable)
    Region$$Table$$Base                      0x08002d9c   Number         0  anon$$obj.o(Region$$Table)
    Region$$Table$$Limit                     0x08002dbc   Number         0  anon$$obj.o(Region$$Table)
    SystemCoreClock                          0x24000000   Data           4  system_stm32h7xx.o(.data.SystemCoreClock)
    SystemD2Clock                            0x24000004   Data           4  system_stm32h7xx.o(.data.SystemD2Clock)
    uwTickFreq                               0x24000008   Data           4  stm32h7xx_hal.o(.data.uwTickFreq)
    uwTickPrio                               0x2400000c   Data           4  stm32h7xx_hal.o(.data.uwTickPrio)
    __libspace_start                         0x24000010   Data          96  libspace.o(.bss)
    JumpToApplication                        0x24000070   Data           4  mymain.o(.bss.JumpToApplication)
    __temporary_stack_top$libspace           0x24000070   Data           0  libspace.o(.bss)
    hqspi                                    0x24000074   Data          80  quadspi.o(.bss.hqspi)
    uwTick                                   0x240000c4   Data           4  stm32h7xx_hal.o(.bss.uwTick)
    w25qxx_mode                              0x240000c8   Data           1  w25qxx.o(.bss.w25qxx_mode)



==============================================================================

Memory Map of the image

  Image Entry point : 0x08000299

  Load Region LR_IROM1 (Base: 0x08000000, Size: 0x00002dd0, Max: 0x00020000, ABSOLUTE)

    Execution Region ER_IROM1 (Exec base: 0x08000000, Load base: 0x08000000, Size: 0x00002dbc, Max: 0x00020000, ABSOLUTE)

    Exec Addr    Load Addr    Size         Type   Attr      Idx    E Section Name        Object

    0x08000000   0x08000000   0x00000298   Data   RO            3    RESET               startup_stm32h750xx.o
    0x08000298   0x08000298   0x00000008   Code   RO         1054  * !!!main             c_wu.l(__main.o)
    0x080002a0   0x080002a0   0x0000005c   Code   RO         1219    !!!scatter          c_wu.l(__scatter.o)
    0x080002fc   0x080002fc   0x0000001a   Code   RO         1223    !!handler_copy      c_wu.l(__scatter_copy.o)
    0x08000316   0x08000316   0x00000002   PAD
    0x08000318   0x08000318   0x00000002   Code   RO         1220    !!handler_null      c_wu.l(__scatter.o)
    0x0800031a   0x0800031a   0x00000002   PAD
    0x0800031c   0x0800031c   0x0000001c   Code   RO         1225    !!handler_zi        c_wu.l(__scatter_zi.o)
    0x08000338   0x08000338   0x00000002   Code   RO         1081    .ARM.Collect$$libinit$$00000000  c_wu.l(libinit.o)
    0x0800033a   0x0800033a   0x00000004   Code   RO         1087    .ARM.Collect$$libinit$$00000001  c_wu.l(libinit2.o)
    0x0800033e   0x0800033e   0x00000000   Code   RO         1090    .ARM.Collect$$libinit$$00000004  c_wu.l(libinit2.o)
    0x0800033e   0x0800033e   0x00000000   Code   RO         1092    .ARM.Collect$$libinit$$00000006  c_wu.l(libinit2.o)
    0x0800033e   0x0800033e   0x00000000   Code   RO         1095    .ARM.Collect$$libinit$$0000000C  c_wu.l(libinit2.o)
    0x0800033e   0x0800033e   0x00000000   Code   RO         1097    .ARM.Collect$$libinit$$0000000E  c_wu.l(libinit2.o)
    0x0800033e   0x0800033e   0x00000000   Code   RO         1099    .ARM.Collect$$libinit$$00000010  c_wu.l(libinit2.o)
    0x0800033e   0x0800033e   0x00000000   Code   RO         1102    .ARM.Collect$$libinit$$00000013  c_wu.l(libinit2.o)
    0x0800033e   0x0800033e   0x00000000   Code   RO         1104    .ARM.Collect$$libinit$$00000015  c_wu.l(libinit2.o)
    0x0800033e   0x0800033e   0x00000000   Code   RO         1106    .ARM.Collect$$libinit$$00000017  c_wu.l(libinit2.o)
    0x0800033e   0x0800033e   0x00000000   Code   RO         1108    .ARM.Collect$$libinit$$00000019  c_wu.l(libinit2.o)
    0x0800033e   0x0800033e   0x00000000   Code   RO         1110    .ARM.Collect$$libinit$$0000001B  c_wu.l(libinit2.o)
    0x0800033e   0x0800033e   0x00000000   Code   RO         1112    .ARM.Collect$$libinit$$0000001D  c_wu.l(libinit2.o)
    0x0800033e   0x0800033e   0x00000000   Code   RO         1114    .ARM.Collect$$libinit$$0000001F  c_wu.l(libinit2.o)
    0x0800033e   0x0800033e   0x00000000   Code   RO         1116    .ARM.Collect$$libinit$$00000021  c_wu.l(libinit2.o)
    0x0800033e   0x0800033e   0x00000000   Code   RO         1118    .ARM.Collect$$libinit$$00000023  c_wu.l(libinit2.o)
    0x0800033e   0x0800033e   0x00000000   Code   RO         1120    .ARM.Collect$$libinit$$00000025  c_wu.l(libinit2.o)
    0x0800033e   0x0800033e   0x00000000   Code   RO         1122    .ARM.Collect$$libinit$$00000027  c_wu.l(libinit2.o)
    0x0800033e   0x0800033e   0x00000000   Code   RO         1126    .ARM.Collect$$libinit$$0000002E  c_wu.l(libinit2.o)
    0x0800033e   0x0800033e   0x00000000   Code   RO         1128    .ARM.Collect$$libinit$$00000030  c_wu.l(libinit2.o)
    0x0800033e   0x0800033e   0x00000000   Code   RO         1130    .ARM.Collect$$libinit$$00000032  c_wu.l(libinit2.o)
    0x0800033e   0x0800033e   0x00000000   Code   RO         1132    .ARM.Collect$$libinit$$00000034  c_wu.l(libinit2.o)
    0x0800033e   0x0800033e   0x00000002   Code   RO         1133    .ARM.Collect$$libinit$$00000035  c_wu.l(libinit2.o)
    0x08000340   0x08000340   0x00000002   Code   RO         1155    .ARM.Collect$$libshutdown$$00000000  c_wu.l(libshutdown.o)
    0x08000342   0x08000342   0x00000000   Code   RO         1170    .ARM.Collect$$libshutdown$$00000002  c_wu.l(libshutdown2.o)
    0x08000342   0x08000342   0x00000000   Code   RO         1172    .ARM.Collect$$libshutdown$$00000004  c_wu.l(libshutdown2.o)
    0x08000342   0x08000342   0x00000000   Code   RO         1175    .ARM.Collect$$libshutdown$$00000007  c_wu.l(libshutdown2.o)
    0x08000342   0x08000342   0x00000000   Code   RO         1178    .ARM.Collect$$libshutdown$$0000000A  c_wu.l(libshutdown2.o)
    0x08000342   0x08000342   0x00000000   Code   RO         1180    .ARM.Collect$$libshutdown$$0000000C  c_wu.l(libshutdown2.o)
    0x08000342   0x08000342   0x00000000   Code   RO         1183    .ARM.Collect$$libshutdown$$0000000F  c_wu.l(libshutdown2.o)
    0x08000342   0x08000342   0x00000002   Code   RO         1184    .ARM.Collect$$libshutdown$$00000010  c_wu.l(libshutdown2.o)
    0x08000344   0x08000344   0x00000000   Code   RO         1056    .ARM.Collect$$rtentry$$00000000  c_wu.l(__rtentry.o)
    0x08000344   0x08000344   0x00000000   Code   RO         1058    .ARM.Collect$$rtentry$$00000002  c_wu.l(__rtentry2.o)
    0x08000344   0x08000344   0x00000006   Code   RO         1070    .ARM.Collect$$rtentry$$00000004  c_wu.l(__rtentry4.o)
    0x0800034a   0x0800034a   0x00000000   Code   RO         1060    .ARM.Collect$$rtentry$$00000009  c_wu.l(__rtentry2.o)
    0x0800034a   0x0800034a   0x00000004   Code   RO         1061    .ARM.Collect$$rtentry$$0000000A  c_wu.l(__rtentry2.o)
    0x0800034e   0x0800034e   0x00000000   Code   RO         1063    .ARM.Collect$$rtentry$$0000000C  c_wu.l(__rtentry2.o)
    0x0800034e   0x0800034e   0x00000008   Code   RO         1064    .ARM.Collect$$rtentry$$0000000D  c_wu.l(__rtentry2.o)
    0x08000356   0x08000356   0x00000002   Code   RO         1085    .ARM.Collect$$rtexit$$00000000  c_wu.l(rtexit.o)
    0x08000358   0x08000358   0x00000000   Code   RO         1135    .ARM.Collect$$rtexit$$00000002  c_wu.l(rtexit2.o)
    0x08000358   0x08000358   0x00000004   Code   RO         1136    .ARM.Collect$$rtexit$$00000003  c_wu.l(rtexit2.o)
    0x0800035c   0x0800035c   0x00000006   Code   RO         1137    .ARM.Collect$$rtexit$$00000004  c_wu.l(rtexit2.o)
    0x08000362   0x08000362   0x00000002   PAD
    0x08000364   0x08000364   0x00000040   Code   RO            4    .text               startup_stm32h750xx.o
    0x080003a4   0x080003a4   0x0000004e   Code   RO         1050    .text               c_wu.l(rt_memclr_w.o)
    0x080003f2   0x080003f2   0x00000006   Code   RO         1052    .text               c_wu.l(heapauxi.o)
    0x080003f8   0x080003f8   0x0000004a   Code   RO         1072    .text               c_wu.l(sys_stackheap_outer.o)
    0x08000442   0x08000442   0x00000012   Code   RO         1074    .text               c_wu.l(exit.o)
    0x08000454   0x08000454   0x00000008   Code   RO         1082    .text               c_wu.l(libspace.o)
    0x0800045c   0x0800045c   0x0000000c   Code   RO         1145    .text               c_wu.l(sys_exit.o)
    0x08000468   0x08000468   0x00000002   Code   RO         1160    .text               c_wu.l(use_no_semi.o)
    0x0800046a   0x0800046a   0x00000000   Code   RO         1162    .text               c_wu.l(indicate_semi.o)
    0x0800046a   0x0800046a   0x00000006   PAD
    0x08000470   0x08000470   0x00000002   Code   RO           55    .text.BusFault_Handler  stm32h7xx_it.o
    0x08000472   0x08000472   0x00000006   PAD
    0x08000478   0x08000478   0x00000002   Code   RO           61    .text.DebugMon_Handler  stm32h7xx_it.o
    0x0800047a   0x0800047a   0x00000006   PAD
    0x08000480   0x08000480   0x0000000a   Code   RO           15    .text.Error_Handler  main.o
    0x0800048a   0x0800048a   0x00000006   PAD
    0x08000490   0x08000490   0x000001a2   Code   RO          351    .text.HAL_GPIO_Init  stm32h7xx_hal_gpio.o
    0x08000632   0x08000632   0x00000006   PAD
    0x08000638   0x08000638   0x0000000e   Code   RO          671    .text.HAL_GetREVID  stm32h7xx_hal.o
    0x08000646   0x08000646   0x00000002   PAD
    0x08000648   0x08000648   0x0000000c   Code   RO          655    .text.HAL_GetTick   stm32h7xx_hal.o
    0x08000654   0x08000654   0x00000004   PAD
    0x08000658   0x08000658   0x0000001a   Code   RO          653    .text.HAL_IncTick   stm32h7xx_hal.o
    0x08000672   0x08000672   0x00000006   PAD
    0x08000678   0x08000678   0x00000064   Code   RO          643    .text.HAL_Init      stm32h7xx_hal.o
    0x080006dc   0x080006dc   0x00000004   PAD
    0x080006e0   0x080006e0   0x00000058   Code   RO          645    .text.HAL_InitTick  stm32h7xx_hal.o
    0x08000738   0x08000738   0x0000005e   Code   RO          160    .text.HAL_MPU_ConfigRegion  stm32h7xx_hal_cortex.o
    0x08000796   0x08000796   0x00000002   PAD
    0x08000798   0x08000798   0x0000001a   Code   RO          152    .text.HAL_MPU_Disable  stm32h7xx_hal_cortex.o
    0x080007b2   0x080007b2   0x00000006   PAD
    0x080007b8   0x080007b8   0x00000020   Code   RO          154    .text.HAL_MPU_Enable  stm32h7xx_hal_cortex.o
    0x080007d8   0x080007d8   0x00000020   Code   RO           74    .text.HAL_MspInit   stm32h7xx_hal_msp.o
    0x080007f8   0x080007f8   0x0000005a   Code   RO          140    .text.HAL_NVIC_SetPriority  stm32h7xx_hal_cortex.o
    0x08000852   0x08000852   0x00000006   PAD
    0x08000858   0x08000858   0x00000020   Code   RO          138    .text.HAL_NVIC_SetPriorityGrouping  stm32h7xx_hal_cortex.o
    0x08000878   0x08000878   0x00000048   Code   RO          555    .text.HAL_PWREx_ConfigSupply  stm32h7xx_hal_pwr_ex.o
    0x080008c0   0x080008c0   0x000000b0   Code   RO          980    .text.HAL_QSPI_Command  stm32h7xx_hal_qspi.o
    0x08000970   0x08000970   0x000000ce   Code   RO          950    .text.HAL_QSPI_Init  stm32h7xx_hal_qspi.o
    0x08000a3e   0x08000a3e   0x00000002   PAD
    0x08000a40   0x08000a40   0x000000ac   Code   RO         1008    .text.HAL_QSPI_MemoryMapped  stm32h7xx_hal_qspi.o
    0x08000aec   0x08000aec   0x00000004   PAD
    0x08000af0   0x08000af0   0x00000116   Code   RO           36    .text.HAL_QSPI_MspInit  quadspi.o
    0x08000c06   0x08000c06   0x00000002   PAD
    0x08000c08   0x08000c08   0x00000102   Code   RO          988    .text.HAL_QSPI_Receive  stm32h7xx_hal_qspi.o
    0x08000d0a   0x08000d0a   0x00000006   PAD
    0x08000d10   0x08000d10   0x000000e8   Code   RO          986    .text.HAL_QSPI_Transmit  stm32h7xx_hal_qspi.o
    0x08000df8   0x08000df8   0x000009d4   Code   RO          226    .text.HAL_RCCEx_PeriphCLKConfig  stm32h7xx_hal_rcc_ex.o
    0x080017cc   0x080017cc   0x00000004   PAD
    0x080017d0   0x080017d0   0x0000024a   Code   RO          194    .text.HAL_RCC_ClockConfig  stm32h7xx_hal_rcc.o
    0x08001a1a   0x08001a1a   0x00000006   PAD
    0x08001a20   0x08001a20   0x0000010c   Code   RO          196    .text.HAL_RCC_GetSysClockFreq  stm32h7xx_hal_rcc.o
    0x08001b2c   0x08001b2c   0x00000004   PAD
    0x08001b30   0x08001b30   0x0000062e   Code   RO          192    .text.HAL_RCC_OscConfig  stm32h7xx_hal_rcc.o
    0x0800215e   0x0800215e   0x00000002   PAD
    0x08002160   0x08002160   0x0000002c   Code   RO          150    .text.HAL_SYSTICK_Config  stm32h7xx_hal_cortex.o
    0x0800218c   0x0800218c   0x00000004   PAD
    0x08002190   0x08002190   0x00000002   Code   RO           51    .text.HardFault_Handler  stm32h7xx_it.o
    0x08002192   0x08002192   0x00000006   PAD
    0x08002198   0x08002198   0x00000068   Code   RO           26    .text.MX_GPIO_Init  gpio.o
    0x08002200   0x08002200   0x00000044   Code   RO           34    .text.MX_QUADSPI_Init  quadspi.o
    0x08002244   0x08002244   0x00000004   PAD
    0x08002248   0x08002248   0x00000002   Code   RO           53    .text.MemManage_Handler  stm32h7xx_it.o
    0x0800224a   0x0800224a   0x00000006   PAD
    0x08002250   0x08002250   0x00000002   Code   RO           49    .text.NMI_Handler   stm32h7xx_it.o
    0x08002252   0x08002252   0x00000006   PAD
    0x08002258   0x08002258   0x00000002   Code   RO           63    .text.PendSV_Handler  stm32h7xx_it.o
    0x0800225a   0x0800225a   0x00000006   PAD
    0x08002260   0x08002260   0x000001d6   Code   RO          982    .text.QSPI_Config   stm32h7xx_hal_qspi.o
    0x08002436   0x08002436   0x00000002   PAD
    0x08002438   0x08002438   0x0000011e   Code   RO          228    .text.RCCEx_PLL2_Config  stm32h7xx_hal_rcc_ex.o
    0x08002556   0x08002556   0x00000002   PAD
    0x08002558   0x08002558   0x0000011e   Code   RO          230    .text.RCCEx_PLL3_Config  stm32h7xx_hal_rcc_ex.o
    0x08002676   0x08002676   0x00000002   PAD
    0x08002678   0x08002678   0x00000002   Code   RO           59    .text.SVC_Handler   stm32h7xx_it.o
    0x0800267a   0x0800267a   0x00000006   PAD
    0x08002680   0x08002680   0x00000004   Code   RO           65    .text.SysTick_Handler  stm32h7xx_it.o
    0x08002684   0x08002684   0x00000004   PAD
    0x08002688   0x08002688   0x0000010e   Code   RO           13    .text.SystemClock_Config  main.o
    0x08002796   0x08002796   0x00000002   PAD
    0x08002798   0x08002798   0x000000da   Code   RO         1034    .text.SystemInit    system_stm32h7xx.o
    0x08002872   0x08002872   0x00000006   PAD
    0x08002878   0x08002878   0x00000002   Code   RO           57    .text.UsageFault_Handler  stm32h7xx_it.o
    0x0800287a   0x0800287a   0x00000006   PAD
    0x08002880   0x08002880   0x000000b4   Code   RO           82    .text.UserMain      mymain.o
    0x08002934   0x08002934   0x00000004   PAD
    0x08002938   0x08002938   0x000001d6   Code   RO           98    .text.W25QXX_EnterQPIMode  w25qxx.o
    0x08002b0e   0x08002b0e   0x00000002   PAD
    0x08002b10   0x08002b10   0x00000052   Code   RO           92    .text.W25QXX_Init   w25qxx.o
    0x08002b62   0x08002b62   0x00000006   PAD
    0x08002b68   0x08002b68   0x000000e6   Code   RO           96    .text.W25QXX_Reset  w25qxx.o
    0x08002c4e   0x08002c4e   0x00000002   PAD
    0x08002c50   0x08002c50   0x00000046   Code   RO          124    .text.W25Q_Memory_Mapped_Enable  w25qxx.o
    0x08002c96   0x08002c96   0x00000002   PAD
    0x08002c98   0x08002c98   0x000000da   Code   RO           11    .text.main          main.o
    0x08002d72   0x08002d72   0x0000001a   Code   RO         1143    x$fpl$fpinit        fz_wv.l(fpinit.o)
    0x08002d8c   0x08002d8c   0x00000010   Data   RO         1040    .rodata.D1CorePrescTable  system_stm32h7xx.o
    0x08002d9c   0x08002d9c   0x00000020   Data   RO         1218    Region$$Table       anon$$obj.o


    Execution Region RW_IRAM1 (Exec base: 0x20000000, Load base: 0x08002dbc, Size: 0x00000000, Max: 0x00020000, ABSOLUTE)

    **** No section assigned to this execution region ****


    Execution Region RW_IRAM2 (Exec base: 0x24000000, Load base: 0x08002dc0, Size: 0x000006d0, Max: 0x00080000, ABSOLUTE)

    Exec Addr    Load Addr    Size         Type   Attr      Idx    E Section Name        Object

    0x24000000   0x08002dc0   0x00000004   Data   RW         1038    .data.SystemCoreClock  system_stm32h7xx.o
    0x24000004   0x08002dc4   0x00000004   Data   RW         1039    .data.SystemD2Clock  system_stm32h7xx.o
    0x24000008   0x08002dc8   0x00000004   Data   RW          740    .data.uwTickFreq    stm32h7xx_hal.o
    0x2400000c   0x08002dcc   0x00000004   Data   RW          739    .data.uwTickPrio    stm32h7xx_hal.o
    0x24000010        -       0x00000060   Zero   RW         1083    .bss                c_wu.l(libspace.o)
    0x24000070        -       0x00000004   Zero   RW           84    .bss.JumpToApplication  mymain.o
    0x24000074        -       0x00000050   Zero   RW           40    .bss.hqspi          quadspi.o
    0x240000c4        -       0x00000004   Zero   RW          741    .bss.uwTick         stm32h7xx_hal.o
    0x240000c8        -       0x00000001   Zero   RW          126    .bss.w25qxx_mode    w25qxx.o
    0x240000c9   0x08002dd0   0x00000007   PAD
    0x240000d0        -       0x00000200   Zero   RW            2    HEAP                startup_stm32h750xx.o
    0x240002d0        -       0x00000400   Zero   RW            1    STACK               startup_stm32h750xx.o


==============================================================================

Image component sizes


      Code (inc. data)   RO Data    RW Data    ZI Data      Debug   Object Name

       104          0          0          0          0       2334   gpio.o
       498          0          0          0          0       6678   main.o
       180          0          0          0          4       2706   mymain.o
       346          0          0          0         80       8180   quadspi.o
        64         26        664          0       1536        856   startup_stm32h750xx.o
       240          0          0          8          4      14957   stm32h7xx_hal.o
       318          0          0          0          0      12538   stm32h7xx_hal_cortex.o
       418          0          0          0          0       6968   stm32h7xx_hal_gpio.o
        32          0          0          0          0       2256   stm32h7xx_hal_msp.o
        72          0          0          0          0      10616   stm32h7xx_hal_pwr_ex.o
      1514          0          0          0          0      21095   stm32h7xx_hal_qspi.o
      2436         16          0          0          0      11755   stm32h7xx_hal_rcc.o
      3088        126          0          0          0      18749   stm32h7xx_hal_rcc_ex.o
        20          0          0          0          0       1152   stm32h7xx_it.o
       218          0         16          8          0       5971   system_stm32h7xx.o
       852          0          0          0          1      18617   w25qxx.o

    ----------------------------------------------------------------------
     10562        172        712         16       1632     145428   Object Totals
         0          0         32          0          0          0   (incl. Generated)
       162          4          0          0          7          0   (incl. Padding)

    ----------------------------------------------------------------------

      Code (inc. data)   RO Data    RW Data    ZI Data      Debug   Library Member Name

         8          0          0          0          0         68   __main.o
         0          0          0          0          0          0   __rtentry.o
        12          0          0          0          0          0   __rtentry2.o
         6          0          0          0          0          0   __rtentry4.o
        94          8          0          0          0          0   __scatter.o
        26          0          0          0          0          0   __scatter_copy.o
        28          0          0          0          0          0   __scatter_zi.o
        18          0          0          0          0         80   exit.o
         6          0          0          0          0        152   heapauxi.o
         0          0          0          0          0          0   indicate_semi.o
         2          0          0          0          0          0   libinit.o
         6          0          0          0          0          0   libinit2.o
         2          0          0          0          0          0   libshutdown.o
         2          0          0          0          0          0   libshutdown2.o
         8          4          0          0         96         68   libspace.o
        78          0          0          0          0         80   rt_memclr_w.o
         2          0          0          0          0          0   rtexit.o
        10          0          0          0          0          0   rtexit2.o
        12          4          0          0          0         68   sys_exit.o
        74          0          0          0          0         80   sys_stackheap_outer.o
         2          0          0          0          0         68   use_no_semi.o
        26          0          0          0          0        116   fpinit.o

    ----------------------------------------------------------------------
       434         16          0          0         96        780   Library Totals
        12          0          0          0          0          0   (incl. Padding)

    ----------------------------------------------------------------------

      Code (inc. data)   RO Data    RW Data    ZI Data      Debug   Library Name

       396         16          0          0         96        664   c_wu.l
        26          0          0          0          0        116   fz_wv.l

    ----------------------------------------------------------------------
       434         16          0          0         96        780   Library Totals

    ----------------------------------------------------------------------

==============================================================================


      Code (inc. data)   RO Data    RW Data    ZI Data      Debug   

     10996        188        712         16       1728     145788   Grand Totals
     10996        188        712         16       1728     145788   ELF Image Totals
     10996        188        712         16          0          0   ROM Totals

==============================================================================

    Total RO  Size (Code + RO Data)                11708 (  11.43kB)
    Total RW  Size (RW Data + ZI Data)              1744 (   1.70kB)
    Total ROM Size (Code + RO Data + RW Data)      11724 (  11.45kB)

==============================================================================

