stm32h7xx_hal_dma2d.c:237:19:HAL_DMA2D_Init	16	static
stm32h7xx_hal_dma2d.c:311:19:HAL_DMA2D_DeInit	16	static
stm32h7xx_hal_dma2d.c:401:13:HAL_DMA2D_MspInit	16	static
stm32h7xx_hal_dma2d.c:417:13:HAL_DMA2D_MspDeInit	16	static
stm32h7xx_hal_dma2d.c:671:19:HAL_DMA2D_Start	32	static
stm32h7xx_hal_dma2d.c:705:19:HAL_DMA2D_Start_IT	32	static
stm32h7xx_hal_dma2d.c:740:19:HAL_DMA2D_BlendingStart	32	static
stm32h7xx_hal_dma2d.c:792:19:HAL_DMA2D_BlendingStart_IT	32	static
stm32h7xx_hal_dma2d.c:841:19:HAL_DMA2D_Abort	24	static
stm32h7xx_hal_dma2d.c:890:19:HAL_DMA2D_Suspend	24	static
stm32h7xx_hal_dma2d.c:939:19:HAL_DMA2D_Resume	16	static
stm32h7xx_hal_dma2d.c:967:19:HAL_DMA2D_EnableCLUT	16	static
stm32h7xx_hal_dma2d.c:1003:19:HAL_DMA2D_CLUTStartLoad	24	static
stm32h7xx_hal_dma2d.c:1057:19:HAL_DMA2D_CLUTStartLoad_IT	24	static
stm32h7xx_hal_dma2d.c:1120:19:HAL_DMA2D_CLUTLoad	24	static
stm32h7xx_hal_dma2d.c:1177:19:HAL_DMA2D_CLUTLoad_IT	24	static
stm32h7xx_hal_dma2d.c:1235:19:HAL_DMA2D_CLUTLoading_Abort	24	static
stm32h7xx_hal_dma2d.c:1292:19:HAL_DMA2D_CLUTLoading_Suspend	32	static
stm32h7xx_hal_dma2d.c:1353:19:HAL_DMA2D_CLUTLoading_Resume	16	static
stm32h7xx_hal_dma2d.c:1396:19:HAL_DMA2D_PollForTransfer	32	static
stm32h7xx_hal_dma2d.c:1524:6:HAL_DMA2D_IRQHandler	24	static
stm32h7xx_hal_dma2d.c:1694:13:HAL_DMA2D_LineEventCallback	16	static
stm32h7xx_hal_dma2d.c:1710:13:HAL_DMA2D_CLUTLoadingCpltCallback	16	static
stm32h7xx_hal_dma2d.c:1753:19:HAL_DMA2D_ConfigLayer	32	static
stm32h7xx_hal_dma2d.c:1860:19:HAL_DMA2D_ConfigCLUT	24	static
stm32h7xx_hal_dma2d.c:1914:19:HAL_DMA2D_ProgramLineEvent	16	static
stm32h7xx_hal_dma2d.c:1952:19:HAL_DMA2D_EnableDeadTime	16	static
stm32h7xx_hal_dma2d.c:1975:19:HAL_DMA2D_DisableDeadTime	16	static
stm32h7xx_hal_dma2d.c:2001:19:HAL_DMA2D_ConfigDeadTime	16	static
stm32h7xx_hal_dma2d.c:2046:24:HAL_DMA2D_GetState	16	static
stm32h7xx_hal_dma2d.c:2057:10:HAL_DMA2D_GetError	16	static
stm32h7xx_hal_dma2d.c:2085:13:DMA2D_SetConfig	48	static
