Component: ARM Compiler 5.06 update 7 (build 960) Tool: armlink [4d3601]

==============================================================================

Image Symbol Table

    Local Symbols

    Symbol Name                              Value     Ov Type        Size  Object(Section)

    .emb_text                                0x00000000   Section        6  sys.o(.emb_text)
    $v0                                      0x00000000   Number         0  sys.o(.emb_text)
    FlashDev.c                               0x00000000   Number         0  flashdev.o ABSOLUTE
    FlashPrg.c                               0x00000000   Number         0  flashprg.o ABSOLUTE
    FlashPrg.c                               0x00000000   Number         0  flashprg.o ABSOLUTE
    devices\HARDWARE\QSPI\qspi.c             0x00000000   Number         0  qspi.o ABSOLUTE
    devices\HARDWARE\W25QXX\w25qxx.c         0x00000000   Number         0  w25qxx.o ABSOLUTE
    devices\SYSTEM\sys\sys.c                 0x00000000   Number         0  sys.o ABSOLUTE
    devices\\HARDWARE\\QSPI\\qspi.c          0x00000000   Number         0  qspi.o ABSOLUTE
    devices\\HARDWARE\\W25QXX\\w25qxx.c      0x00000000   Number         0  w25qxx.o ABSOLUTE
    devices\\SYSTEM\\sys\\sys.c              0x00000000   Number         0  sys.o ABSOLUTE
    .rev16_text                              0x00000008   Section        4  flashprg.o(.rev16_text)
    $v0                                      0x00000008   Number         0  flashprg.o(.rev16_text)
    .rev16_text                              0x0000000c   Section        4  qspi.o(.rev16_text)
    $v0                                      0x0000000c   Number         0  qspi.o(.rev16_text)
    .rev16_text                              0x00000010   Section        4  w25qxx.o(.rev16_text)
    $v0                                      0x00000010   Number         0  w25qxx.o(.rev16_text)
    .rev16_text                              0x00000014   Section        4  sys.o(.rev16_text)
    $v0                                      0x00000014   Number         0  sys.o(.rev16_text)
    .revsh_text                              0x00000018   Section        4  flashprg.o(.revsh_text)
    $v0                                      0x00000018   Number         0  flashprg.o(.revsh_text)
    .revsh_text                              0x0000001c   Section        4  qspi.o(.revsh_text)
    $v0                                      0x0000001c   Number         0  qspi.o(.revsh_text)
    .revsh_text                              0x00000020   Section        4  w25qxx.o(.revsh_text)
    $v0                                      0x00000020   Number         0  w25qxx.o(.revsh_text)
    .revsh_text                              0x00000024   Section        4  sys.o(.revsh_text)
    $v0                                      0x00000024   Number         0  sys.o(.revsh_text)
    .rrx_text                                0x00000028   Section        6  flashprg.o(.rrx_text)
    $v0                                      0x00000028   Number         0  flashprg.o(.rrx_text)
    .rrx_text                                0x00000030   Section        6  qspi.o(.rrx_text)
    $v0                                      0x00000030   Number         0  qspi.o(.rrx_text)
    .rrx_text                                0x00000038   Section        6  w25qxx.o(.rrx_text)
    $v0                                      0x00000038   Number         0  w25qxx.o(.rrx_text)
    .rrx_text                                0x00000040   Section        6  sys.o(.rrx_text)
    $v0                                      0x00000040   Number         0  sys.o(.rrx_text)
    .text                                    0x00000048   Section        0  flashprg.o(.text)
    .text                                    0x000000f0   Section        0  qspi.o(.text)
    .text                                    0x000003b4   Section        0  w25qxx.o(.text)
    .text                                    0x000006f8   Section        0  sys.o(.text)
    .data                                    0x00000b64   Section        4  flashprg.o(.data)
    .data                                    0x00000b68   Section        4  w25qxx.o(.data)
    .bss                                     0x00000b6c   Section     4096  flashprg.o(.bss)
    .constdata                               0x00000b6c   Section     4256  flashdev.o(.constdata)
    .bss                                     0x00001b6c   Section     4096  w25qxx.o(.bss)

    Global Symbols

    Symbol Name                              Value     Ov Type        Size  Object(Section)

    BuildAttributes$$THM_ISAv4$E$P$D$K$B$S$7EM$VFPv5_D16$PE$PLD8$A:L22UL41UL21$X:L11$S22US41US21$IEEE1$IW$RWPI$~STKCKD$USESV7$~SHL$OSPACE$ROPI$EBA8$MICROLIB$REQ8$PRES8$EABIv2 0x00000000   Number         0  anon$$obj.o ABSOLUTE
    MSR_MSP                                  0x00000001   Thumb Code     6  sys.o(.emb_text)
    __asm___10_FlashPrg_c_Init____REV16      0x00000009   Thumb Code     4  flashprg.o(.rev16_text)
    __asm___6_qspi_c_68b0a1e9____REV16       0x0000000d   Thumb Code     4  qspi.o(.rev16_text)
    __asm___8_w25qxx_c_7a854d5a____REV16     0x00000011   Thumb Code     4  w25qxx.o(.rev16_text)
    __asm___5_sys_c_d144038c____REV16        0x00000015   Thumb Code     4  sys.o(.rev16_text)
    __asm___10_FlashPrg_c_Init____REVSH      0x00000019   Thumb Code     4  flashprg.o(.revsh_text)
    __asm___6_qspi_c_68b0a1e9____REVSH       0x0000001d   Thumb Code     4  qspi.o(.revsh_text)
    __asm___8_w25qxx_c_7a854d5a____REVSH     0x00000021   Thumb Code     4  w25qxx.o(.revsh_text)
    __asm___5_sys_c_d144038c____REVSH        0x00000025   Thumb Code     4  sys.o(.revsh_text)
    __asm___10_FlashPrg_c_Init____RRX        0x00000029   Thumb Code     6  flashprg.o(.rrx_text)
    __asm___6_qspi_c_68b0a1e9____RRX         0x00000031   Thumb Code     6  qspi.o(.rrx_text)
    __asm___8_w25qxx_c_7a854d5a____RRX       0x00000039   Thumb Code     6  w25qxx.o(.rrx_text)
    __asm___5_sys_c_d144038c____RRX          0x00000041   Thumb Code     6  sys.o(.rrx_text)
    Init                                     0x00000049   Thumb Code    30  flashprg.o(.text)
    UnInit                                   0x00000067   Thumb Code    10  flashprg.o(.text)
    EraseChip                                0x00000071   Thumb Code    10  flashprg.o(.text)
    EraseSector                              0x0000007b   Thumb Code    18  flashprg.o(.text)
    BlankCheck                               0x0000008d   Thumb Code     4  flashprg.o(.text)
    ProgramPage                              0x00000091   Thumb Code    24  flashprg.o(.text)
    Verify                                   0x000000a9   Thumb Code    62  flashprg.o(.text)
    QSPI_Wait_Flag                           0x000000f1   Thumb Code    36  qspi.o(.text)
    QSPI_Init                                0x00000115   Thumb Code   286  qspi.o(.text)
    QSPI_Send_CMD                            0x00000233   Thumb Code   112  qspi.o(.text)
    QSPI_Receive                             0x000002a3   Thumb Code   126  qspi.o(.text)
    QSPI_Transmit                            0x00000321   Thumb Code   120  qspi.o(.text)
    W25QXX_Write_Enable                      0x000003b5   Thumb Code    26  w25qxx.o(.text)
    W25QXX_ReadSR                            0x000003cf   Thumb Code    68  w25qxx.o(.text)
    W25QXX_ReadID                            0x00000413   Thumb Code    44  w25qxx.o(.text)
    W25QXX_Write_SR                          0x0000043f   Thumb Code    58  w25qxx.o(.text)
    W25QXX_Qspi_Enable                       0x00000479   Thumb Code    50  w25qxx.o(.text)
    W25QXX_Wait_Busy                         0x000004ab   Thumb Code    14  w25qxx.o(.text)
    W25QXX_Reset                             0x000004b9   Thumb Code    60  w25qxx.o(.text)
    W25QXX_Qspi_Disable                      0x000004f5   Thumb Code    24  w25qxx.o(.text)
    W25QXX_Init                              0x0000050d   Thumb Code   106  w25qxx.o(.text)
    W25QXX_Write_Disable                     0x00000577   Thumb Code    26  w25qxx.o(.text)
    W25QXX_Read                              0x00000591   Thumb Code    28  w25qxx.o(.text)
    W25QXX_Write_Page                        0x000005ad   Thumb Code    38  w25qxx.o(.text)
    W25QXX_Write_NoCheck                     0x000005d3   Thumb Code    64  w25qxx.o(.text)
    W25QXX_Erase_Sector                      0x00000613   Thumb Code    30  w25qxx.o(.text)
    W25QXX_Write                             0x00000631   Thumb Code   162  w25qxx.o(.text)
    W25QXX_Erase_Chip                        0x000006d3   Thumb Code    28  w25qxx.o(.text)
    MY_NVIC_SetVectorTable                   0x000006f9   Thumb Code    12  sys.o(.text)
    MY_NVIC_PriorityGroupConfig              0x00000705   Thumb Code    30  sys.o(.text)
    MY_NVIC_Init                             0x00000723   Thumb Code    76  sys.o(.text)
    Ex_NVIC_Config                           0x0000076f   Thumb Code    92  sys.o(.text)
    GPIO_AF_Set                              0x000007cb   Thumb Code    32  sys.o(.text)
    GPIO_Set                                 0x000007eb   Thumb Code   138  sys.o(.text)
    GPIO_Pin_Set                             0x00000875   Thumb Code    12  sys.o(.text)
    GPIO_Pin_Get                             0x00000881   Thumb Code    10  sys.o(.text)
    WFI_SET                                  0x0000088b   Thumb Code     4  sys.o(.text)
    INTX_DISABLE                             0x0000088f   Thumb Code     4  sys.o(.text)
    INTX_ENABLE                              0x00000893   Thumb Code     4  sys.o(.text)
    Sys_Standby                              0x00000897   Thumb Code    76  sys.o(.text)
    Sys_Soft_Reset                           0x000008e3   Thumb Code    12  sys.o(.text)
    Cache_Enable                             0x000008ef   Thumb Code   130  sys.o(.text)
    Sys_Clock_Set                            0x00000971   Thumb Code   306  sys.o(.text)
    Stm32_Clock_Init                         0x00000aa3   Thumb Code   182  sys.o(.text)
    base_adr                                 0x00000b64   Data           4  flashprg.o(.data)
    W25QXX_QPI_MODE                          0x00000b68   Data           1  w25qxx.o(.data)
    W25QXX_TYPE                              0x00000b6a   Data           2  w25qxx.o(.data)
    FlashDevice                              0x00000b6c   Data        4256  flashdev.o(.constdata)
    read_buf                                 0x00000b6c   Data        4096  flashprg.o(.bss)
    W25QXX_BUFFER                            0x00001b6c   Data        4096  w25qxx.o(.bss)



==============================================================================

Memory Map of the image

  Image entry point : Not specified.

  Load Region PRG (Base: 0x00000000, Size: 0x00000b6c, Max: 0xffffffff, PI)

    Execution Region PrgCode (Exec base: 0x00000000, Load base: 0x00000000, Size: 0x00000b60, Max: 0xffffffff, PI)

    Exec Addr    Load Addr    Size         Type   Attr      Idx    E Section Name        Object

    0x00000000   0x00000000   0x00000006   Code   RO          140    .emb_text           sys.o
    0x00000006   0x00000006   0x00000002   PAD
    0x00000008   0x00000008   0x00000004   Code   RO            1    .rev16_text         flashprg.o
    0x0000000c   0x0000000c   0x00000004   Code   RO           77    .rev16_text         qspi.o
    0x00000010   0x00000010   0x00000004   Code   RO          105    .rev16_text         w25qxx.o
    0x00000014   0x00000014   0x00000004   Code   RO          137    .rev16_text         sys.o
    0x00000018   0x00000018   0x00000004   Code   RO            2    .revsh_text         flashprg.o
    0x0000001c   0x0000001c   0x00000004   Code   RO           78    .revsh_text         qspi.o
    0x00000020   0x00000020   0x00000004   Code   RO          106    .revsh_text         w25qxx.o
    0x00000024   0x00000024   0x00000004   Code   RO          138    .revsh_text         sys.o
    0x00000028   0x00000028   0x00000006   Code   RO            3    .rrx_text           flashprg.o
    0x0000002e   0x0000002e   0x00000002   PAD
    0x00000030   0x00000030   0x00000006   Code   RO           79    .rrx_text           qspi.o
    0x00000036   0x00000036   0x00000002   PAD
    0x00000038   0x00000038   0x00000006   Code   RO          107    .rrx_text           w25qxx.o
    0x0000003e   0x0000003e   0x00000002   PAD
    0x00000040   0x00000040   0x00000006   Code   RO          139    .rrx_text           sys.o
    0x00000046   0x00000046   0x00000002   PAD
    0x00000048   0x00000048   0x000000a8   Code   RO            4    .text               flashprg.o
    0x000000f0   0x000000f0   0x000002c4   Code   RO           80    .text               qspi.o
    0x000003b4   0x000003b4   0x00000344   Code   RO          108    .text               w25qxx.o
    0x000006f8   0x000006f8   0x00000468   Code   RO          141    .text               sys.o


    Execution Region PrgData (Exec base: 0x00000b60, Load base: 0x00000b60, Size: 0x0000200c, Max: 0xffffffff, PI)

    Exec Addr    Load Addr    Size         Type   Attr      Idx    E Section Name        Object

    0x00000b60   0x00000b60   0x00000004   Data   RW          189    PDT$$ptr            anon$$obj.o
    0x00000b64   0x00000b64   0x00000004   Data   RW            6    .data               flashprg.o
    0x00000b68   0x00000b68   0x00000004   Data   RW          110    .data               w25qxx.o
    0x00000b6c        -       0x00001000   Zero   RW            5    .bss                flashprg.o
    0x00001b6c        -       0x00001000   Zero   RW          109    .bss                w25qxx.o



  Load Region DSCR (Base: 0x00000b6c, Size: 0x000010a0, Max: 0xffffffff, PI)

    Execution Region DevDscr (Exec base: 0x00000b6c, Load base: 0x00000b6c, Size: 0x000010a0, Max: 0xffffffff, PI)

    Exec Addr    Load Addr    Size         Type   Attr      Idx    E Section Name        Object

    0x00000b6c   0x00000b6c   0x000010a0   Data   RO           68    .constdata          flashdev.o


==============================================================================

Image component sizes


      Code (inc. data)   RO Data    RW Data    ZI Data      Debug   Object Name

         0          0       4256          0          0        494   flashdev.o
       182         10          0          4       4096      10214   flashprg.o
       722         28          0          0          0       4466   qspi.o
      1148         44          0          0          0     996721   sys.o
       850         10          0          4       4096       6552   w25qxx.o

    ----------------------------------------------------------------------
      2912         92       4256         12       8192    1018447   Object Totals
         0          0          0          4          0          0   (incl. Generated)
        10          0          0          0          0          0   (incl. Padding)

    ----------------------------------------------------------------------
         0          0          0          0          0          0   Library Totals
         0          0          0          0          0          0   (incl. Padding)

    ----------------------------------------------------------------------

==============================================================================


      Code (inc. data)   RO Data    RW Data    ZI Data      Debug   

      2912         92       4256         12       8192    1016795   Grand Totals
      2912         92       4256         12       8192    1016795   ELF Image Totals
      2912         92       4256         12          0          0   ROM Totals

==============================================================================

    Total RO  Size (Code + RO Data)                 7168 (   7.00kB)
    Total RW  Size (RW Data + ZI Data)              8204 (   8.01kB)
    Total ROM Size (Code + RO Data + RW Data)       7180 (   7.01kB)

==============================================================================

